SUMMARY:
	ROM0: 15797 bytes used / 587 free
	ROMX: 16287 bytes used / 97 free in 1 bank
	WRAM0: 6591 bytes used / 1601 free
	HRAM: 127 bytes used / 0 free

ROM0 bank #0:
	SECTION: $0000-$0027 ($0028 bytes) ["ROM Bank $000"]
	         $0000 = RST_00
	         $0008 = RST_08
	SECTION: $0028-$0103 ($00dc bytes) ["RST $28"]
	         $0028 = JumpTable
	         $0040 = VBlankInterrupt
	         $0048 = LCDCInterrupt
	         $0050 = TimerOverflowInterrupt
	         $0058 = SerialTransferCompleteInterrupt
	         $005b = SerialInterruptHandler
	         $006b = SerialInterruptInner
	         $0070 = SerialInterruptInner.titleScreenMain
	         $007e = SerialInterruptInner.checkIfPassive
	         $0086 = SerialInterruptInner.setSC
	         $0089 = SerialFunc1_InGame
	         $008e = SerialFunc2_2PlayerInGame
	         $00a4 = SerialFunc3_PassiveStreamingBytes
	         $00b7 = UnusedSerialFunc_clearIntFlagsIfSerialFunc2_2PlayerInGame
	         $0100 = Boot
	EMPTY: $0104-$0133 ($0030 bytes)
	SECTION: $0134-$014c ($0019 bytes) ["Header"]
	         $0134 = HeaderTitle
	         $0144 = HeaderNewLicenseeCode
	         $0146 = HeaderSGBFlag
	         $0147 = HeaderCartridgeType
	         $0148 = HeaderROMSize
	         $0149 = HeaderRAMSize
	         $014a = HeaderDestinationCode
	         $014b = HeaderOldLicenseeCode
	         $014c = HeaderMaskROMVersion
	EMPTY: $014d-$014f ($0003 bytes)
	SECTION: $0150-$232a ($21db bytes) ["Begin"]
	         $0150 = Begin
	         $0153 = UnusedGetScreenTileInHLWhileOamFree
	         $0156 = UnusedGetScreenTileInHLWhileOamFree.waitUntilVramAndOamFree
	         $015d = UnusedGetScreenTileInHLWhileOamFree.waitUntilVramAndOamFree2
	         $0166 = AddScoreValueDEontoBaseScoreHL
	         $017c = VBlankInterruptHandler
	         $0197 = VBlankInterruptHandler.afterMasterTransfer
	         $01e9 = VBlankInterruptHandler.end
	         $01fa = Begin2
	         $0202 = Begin2.clear2ndWram
	         $0209 = Reset
	         $0221 = Reset.waitUntilVBlank
	         $024e = Reset.clearLastPage
	         $0259 = Reset.clear1stWram
	         $0268 = Reset.clearVram
	         $0274 = Reset.clearOam
	         $027d = Reset.clearHram
	         $0288 = Reset.copyOamDmaFunc
	         $02b2 = MainLoop
	         $02c9 = MainLoop.nextTimer
	         $02ce = MainLoop.toNextTimer
	         $02db = MainLoop.waitUntilVBlankIntDone
	         $02e6 = ProcessGameState
	         $0335 = extractLevelNumberFromBGMap
	         $0344 = extractLevelNumberFromBGMap.isHeartMode
	         $0345 = extractLevelNumberFromBGMap.isNotHeartMode
	         $0351 = extractLevelNumberFromBGMap.onlyHasSecondDigit
	         $0359 = writetoLeaderboard
	         $03a7 = writetoLeaderboard.seedIsSet
	         $03ab = writetoLeaderboard.noSeedIsSet
	         $03ad = writetoLeaderboard.skipSeedCheck
	         $03d1 = writetoLeaderboard.compareToThirdLoop
	         $03dc = writetoLeaderboard.notEqualToThird
	         $03e1 = writetoLeaderboard.newIsGreaterThanThird
	         $03e9 = writetoLeaderboard.copyLoopForThird
	         $0402 = writetoLeaderboard.compareToSecondLoop
	         $040d = writetoLeaderboard.notEqualToSecond
	         $0412 = writetoLeaderboard.newIsGreaterThanSecond
	         $0420 = writetoLeaderboard.copyLoopSecondToThird
	         $042f = writetoLeaderboard.copyLoopForSecond
	         $0448 = writetoLeaderboard.compareToFirstLoop
	         $0453 = writetoLeaderboard.notEqualToFirst
	         $0458 = writetoLeaderboard.newIsGreaterThanFirst
	         $0466 = writetoLeaderboard.copyLoopFirstToSecond
	         $0475 = writetoLeaderboard.copyLoopForFirst
	         $0484 = writetoLeaderboard.newIsSmaller
	         $04ae = writetoLeaderboard.skipThirdEntryDisplay
	         $04d8 = writetoLeaderboard.skipSecondEntryDisplay
	         $0502 = writetoLeaderboard.skipFirstEntryDisplay
	         $0503 = SetNewLinesCapClickedRight
	         $0517 = SetNewLinesCapClickedRight.initializeLinesCapArrow
	         $0523 = SetNewLinesCapClickedLeft
	         $0537 = SetNewLinesCapClickedLeft.setLinesCapArrowInvisible
	         $053e = SetNewSeedClickedRight
	         $0552 = SetNewSeedClickedRight.initializeSeedArrow
	         $055e = SetNewSeedClickedLeft
	         $0572 = SetNewSeedClickedLeft.setSeedArrowInvisible
	         $0579 = makeBeepSound
	         $0585 = makeBeepSound.done
	         $0587 = RollScoreOverAndStoreInRam
	         $059f = ResetOAMForMenuScreen
	         $05c7 = CheckActionsOnSelect
	         $05df = makeCelebrationSound
	         $05e5 = SetHeartTileInOAM
	         $05f0 = SetHeartTileInOAM.notHeartMode
	         $05f6 = setLineCapToZero
	         $0607 = setSPSToZero
	         $0619 = ToggleHeartMode
	         $0630 = ToggleHeartMode.deactivateHeartMode
	         $063c = ToggleHeartMode.toEndOfHeartToggle
	         $063e = HeartTileToOAM
	         $0651 = SetZenModeInOAM
	         $065c = SetZenModeInOAM.notZenMode
	         $0662 = ToggleZenMode
	         $0674 = ToggleZenMode.deactivateZenMode
	         $067e = ToggleMusic
	         $069b = ToggleMusic.deactivateMusicMode
	         $06a6 = MusicCheckboxToOAM
	         $06b1 = ZenCheckboxToOAM
	         $06bc = SetMasterModeInOAM
	         $06c7 = SetMasterModeInOAM.notMasterMode
	         $06cd = ToggleMasterMode
	         $06df = ToggleMasterMode.deactivateMasterMode
	         $06e9 = MasterCheckboxToOAM
	         $06f4 = SetMusicInOAM
	         $0700 = SetMusicInOAM.notMusic
	         $0706 = SetExtendedModeInOAM
	         $0711 = SetExtendedModeInOAM.notExtendedMode
	         $0717 = SetHideScoreInOAM
	         $0723 = SetHideScoreInOAM.notHideScore
	         $0729 = ToggleHideScore
	         $073d = ToggleHideScore.deactivateHideScore
	         $0748 = ToggleExtendedMode
	         $075a = ToggleExtendedMode.deactivateExtendedMode
	         $0764 = ExtendedCheckboxToOAM
	         $076f = HideScoreCheckboxToOAM
	         $077a = SetNewHeightClickedLeft
	         $0786 = SetNewHeightClickedLeft.skipIncClickLeft
	         $078a = SetNewHeightClickedRight
	         $0796 = SetNewHeightClickedRight.skipIncClickRight
	         $079a = ShowMasterModeOnPlayfield
	         $07a8 = ShowZenModeOnPlayfield
	         $07b6 = ShowExtendedModeOnPlayfield
	         $07c4 = ShowLineCapOnPlayfield
	         $0813 = changeDigitUpwards
	         $0830 = changeDigitUpwards.noRollOverUp
	         $0831 = changeDigitUpwards.goToEnd
	         $0839 = changeDigitUpwards.spsUp
	         $084e = changeDigitDownwards
	         $0868 = changeDigitDownwards.subtractDown
	         $086b = changeDigitDownwards.getMaxValue
	         $086d = changeDigitDownwards.goToEndDown
	         $0875 = changeDigitDownwards.spsDown
	         $088a = GetSelectedSpsBgAddress
	         $089d = RestoreLineCapOnMenuScreen
	         $08bf = showLineCapNumbers
	         $08da = showHeightNumber
	         $08e7 = RestoreLinesCap
	         $0901 = RestoreSeedFromMenu
	         $090a = RestoreInitialSeed
	         $0916 = RestoreInitialSeed.copyByte
	         $0921 = SaveInitialSeed
	         $092d = SaveInitialSeed.copyByte
	         $0938 = RestoreSeedFromHL
	         $0940 = RestoreSeedFromHL.byteLoop
	         $0949 = RestoreSeedFromHL.highDigitPresent
	         $0957 = RestoreSeedFromHL.lowDigitPresent
	         $0963 = writeEndlessMode
	         $096c = writeDigOutMode
	         $0975 = writeSettings
	         $097c = WriteMenuHeader
	         $0981 = WriteMenuHeader.copyTile
	         $098b = MenuHeaderEndless
	         $0999 = MenuHeaderDigOut
	         $0999 = MenuHeaderEndless.end
	         $09a7 = MenuHeaderSettings
	         $09b5 = overWriteScoreLabel
	         $09c8 = overWriteScoreLabel.writeText
	         $09d2 = overWriteScoreLabel.levelText
	         $09d7 = overWriteScoreLabel.digoutText
	         $09de = moveArrowToBType
	         $09ec = hideSeedIfZero
	         $0a09 = hideSeedIfZero.clearDigit
	         $0a14 = hideSeedIfZero.showMarker
	         $0a1c = hideSeedIfZero.done
	         $0a20 = ShowSeedOnMenu
	         $0a25 = ShowSeedOnPlayfield
	         $0a28 = ShowSeedAtHL
	         $0a31 = ShowSeedAtHL.byteLoop
	         $0a4b = lfsr
	         $0a57 = lfsr.populationCount
	         $0a5c = lfsr.noIncrement
	         $0a92 = GameState_TitleScreenInit
	         $0abf = GameState_TitleScreenInit.clearScreenBuffer
	         $0ada = GameState_TitleScreenInit.displayBlackRow
	         $0af6 = GameState07_TitleScreenMain
	         $0af9 = GameState07_TitleScreenMain.checkButtonsPressed
	         $0b26 = GameState07_TitleScreenMain.setGameStateTo2ah
	         $0b26 = GameState07_TitleScreenMain.setGameState
	         $0b26 = GameState07_TitleScreenMain.waitUntilSerialIntHandled
	         $0b3d = GameState07_TitleScreenMain.is1Player
	         $0b46 = GameState07_TitleScreenMain.afterDownCheck
	         $0b49 = GameState07_TitleScreenMain.flipNumPlayersOption
	         $0b4b = GameState07_TitleScreenMain.setNumPlayersOpt
	         $0b4d = GameState07_TitleScreenMain.multiplayerInvalid
	         $0b50 = InitAndDrawPlayerName
	         $0b63 = InitAndDrawPlayerName.clearName
	         $0b67 = InitAndDrawPlayerName.nameReady
	         $0b78 = InitAndDrawPlayerName.copyNameLabel
	         $0b83 = InitAndDrawPlayerName.copyName
	         $0b91 = InitAndDrawPlayerName.copyPressStart
	         $0ba6 = InitAndDrawPlayerName.pressStart
	         $0bb6 = InitAndDrawPlayerName.nameLabel
	         $0bbc = BlinkTitleNameArrow
	         $0bc7 = BlinkTitleNameArrow.show
	         $0bd3 = EditTitlePlayerName
	         $0beb = EditTitlePlayerName.up
	         $0bf2 = EditTitlePlayerName.storeTile
	         $0c03 = EditTitlePlayerName.right
	         $0c0c = EditTitlePlayerName.left
	         $0c12 = EditTitlePlayerName.moveCursor
	         $0c1e = GetSelectedPlayerNameTile
	         $0c29 = NextPlayerNameTile
	         $0c43 = NextPlayerNameTile.toA
	         $0c46 = NextPlayerNameTile.toOne
	         $0c49 = NextPlayerNameTile.toDot
	         $0c4c = NextPlayerNameTile.toExclamation
	         $0c4f = NextPlayerNameTile.toHeart
	         $0c52 = NextPlayerNameTile.toEmpty
	         $0c55 = PreviousPlayerNameTile
	         $0c6f = PreviousPlayerNameTile.toEmpty
	         $0c72 = PreviousPlayerNameTile.toZ
	         $0c75 = PreviousPlayerNameTile.toNine
	         $0c78 = PreviousPlayerNameTile.toDash
	         $0c7b = PreviousPlayerNameTile.toExclamation
	         $0c7e = PreviousPlayerNameTile.toHeart
	         $0c81 = AddPushDownAlone
	         $0ca2 = AddPushDownAlone.nextDigit
	         $0ca8 = AddPushDownAlone.SkipNextDigit
	         $0ca9 = AddPushDownAlone.skipSkipNextDigit
	         $0cb2 = AddPushDownDone
	         $0cb2 = SkipIncrement
	         $0cb5 = setLastLevel
	         $0cbf = setLastLevel.skipAssignInitialLevel
	         $0cc3 = setScoreToHlAddress
	         $0ce7 = setScoreToHlAddress.startingZeroLoop
	         $0ced = setScoreToHlAddress.removeZeroLoop
	         $0cfe = setScoreToHlAddress.skipRemoveZeroLoop
	         $0cff = setModesToHlAddress
	         $0d11 = setModesToHlAddress.toLinesCap
	         $0d24 = setModesToHlAddress.linesCapNotReached
	         $0d27 = setModesToHlAddress.toExtendedLevels
	         $0d30 = setModesToHlAddress.toMasterMode
	         $0d39 = setModesToHlAddress.toZenMode
	         $0d42 = setModesToHlAddress.toPausePressed
	         $0d57 = setModesToHlAddress.twoToFivePauses
	         $0d5d = setModesToHlAddress.upToTwoPauses
	         $0d60 = setModesToHlAddress.toEndOfModeCheck
	         $0d61 = setLevelsToHLAddress
	         $0d81 = setLevelsToHLAddress.toEndLevel
	         $0d8b = setLevelsToHLAddress.EndLevelBiggerThanNine
	         $0d9b = setLevelsToHLAddress.isBCDNumber
	         $0da5 = setLevelsToHLAddress.goToArrow
	         $0db2 = setLevelsToHLAddress.skipFirstHeart
	         $0db7 = setLinesToHLAddress
	         $0dce = setLinesToHLAddress.startingLinesZeroLoop
	         $0dd4 = setLinesToHLAddress.removeLinesZeroLoop
	         $0de5 = setLinesToHLAddress.skipRemoveLinesZeroLoop
	         $0de6 = showArrow
	         $0def = SetNewLevelType
	         $0e12 = ShowCurrentLineCountFromRAM
	         $0e20 = SetNewLineCountClickedLeft
	         $0e3c = SetNewLineCountClickedRight
	         $0e58 = CloseLeaderboardToLeaderboardMenu
	         $0e5c = CloseLeaderboardToFirstMenuEntry
	         $0e5f = LoadScoreboard
	         $0e61 = LoadScoreboard.withReturnSelection
	         $0e7c = showScreen0
	         $0ea1 = showScreen0.writeSettingsTitle
	         $0ea5 = UpdateFreshLeaderboardRankBlink
	         $0ec5 = UpdateFreshLeaderboardRankBlink.hideRank
	         $0ec7 = UpdateFreshLeaderboardRankBlink.writeRank
	         $0eca = UpdateFreshLeaderboardRankBlink.done
	         $0ece = RestoreFreshLeaderboardRankTile
	         $0edc = GetFreshLeaderboardRankTileAddress
	         $0eec = loadDownArrow
	         $0efb = SendSpriteToOamTypeB
	         $0f09 = SendSpriteToOamTypeB.updateShadowOamWhenTypeBLevelHigherThan9
	         $0f11 = turnMusicOn
	         $0f23 = turnMusicOn.setAllChannels
	         $0f25 = turnMusicOn.nextChannel
	         $0f30 = turnMusicOff
	         $0f42 = addDEtoHLandInc
	         $0f51 = subDEfromHLandInc
	         $0f60 = TwodigitsFromAIntoBandC
	         $0f6f = PiecesString
	         $0fb0 = emptyPiecesList
	         $0fb6 = emptyPiecesList.copyLoop
	         $0fbf = OffsetTable
	         $0fe9 = listPieceNumbers
	         $0ff8 = listPieceNumbers.pieceLoop
	         $1014 = listPieceNumbers.noFirstDigit
	         $1017 = listPieceNumbers.skipAssignThousandsDigit
	         $101e = listPieceNumbers.hasNoHiValue
	         $1029 = listPieceNumbers.skipAssignZero
	         $103c = listPieceNumbers.noTens
	         $103f = listPieceNumbers.skipReassignNoTens
	         $1054 = incPieceInWRam
	         $1063 = incPieceInWRam.skipIncrement
	         $107f = incPieceInWRam.incrementThisAddress
	         $1084 = incPieceInWRam.skipAddPieceCounting
	         $1086 = incPieceInWRam.capIt
	         $108b = incPieceInWRam.skipCapIt
	         $108f = IncrementTimer
	         $10ba = IncrementTimer.skipCapCheck
	         $10c9 = IncrementTimer.normal_frames
	         $10dd = IncrementTimer.normal_seconds
	         $10f3 = IncrementTimer.normal
	         $10f4 = IncrementTimer.done
	         $1137 = Stub_148c
	         $113b = PlaySongBasedOnMusicTypeChosen
	         $113c = GameState10_ATypeSelectionInit
	         $1167 = GameState10_ATypeSelectionInit.noWiteToLeaderboard
	         $11a0 = GameState10_ATypeSelectionInit.checkLastGameType
	         $11a8 = GameState10_ATypeSelectionInit.setGameState
	         $11ab = GameState11_ATypeSelectionMain
	         $11b4 = GameState11_ATypeSelectionMain.musicTickDone
	         $11d3 = GameState11_ATypeSelectionMain.stayInMenu
	         $11f4 = GameState11_ATypeSelectionMain.canLoadLeaderboard
	         $120a = GameState11_ATypeSelectionMain.leaderboardAOrStart
	         $1215 = GameState11_ATypeSelectionMain.loadNothhing
	         $1234 = GameState11_ATypeSelectionMain.pressedUp
	         $1253 = GameState11_ATypeSelectionMain.regularUpPressed
	         $1262 = GameState11_ATypeSelectionMain.skipNormalUp
	         $1277 = GameState11_ATypeSelectionMain.pressedDown
	         $1296 = GameState11_ATypeSelectionMain.regularDownPressed
	         $12a5 = GameState11_ATypeSelectionMain.skipRegularDownPressed
	         $12b9 = GameState11_ATypeSelectionMain.pressedRight
	         $12ba = GameState11_ATypeSelectionMain.setNewLevel
	         $12f5 = GameState11_ATypeSelectionMain.skipButtonCheck
	         $130a = GameState11_ATypeSelectionMain.musicIsAlreadyOff
	         $130b = GameState11_ATypeSelectionMain.pressedLeft
	         $1328 = AddMenuDirectionalAutoRepeatToB
	         $1334 = AddMenuDirectionalAutoRepeatToB.allowLeftRight
	         $133a = AddMenuDirectionalAutoRepeatToB.heldMaskReady
	         $1351 = AddMenuDirectionalAutoRepeatToB.newDirection
	         $1356 = AddMenuDirectionalAutoRepeatToB.released
	         $135a = SetMainMenuArrowFromSelection
	         $136f = MainMenuArrowYPositions
	         $137b = WritePlayerNameToLeaderboard
	         $1382 = WritePlayerNameToLeaderboard.checkName
	         $138d = WritePlayerNameToLeaderboard.hasName
	         $138e = WritePlayerNameToLeaderboard.nameChecked
	         $13a1 = WritePlayerNameToLeaderboard.copyName
	         $13a8 = GetButtonsPressedB_AlternateSpriteSpecBetweenShownAndHidden
	         $13b8 = CopyCSpriteSpecStructsFromDEtoHL
	         $13b8 = CopyCSpriteSpecStructsFromDEtoHL.nextSpriteSpec
	         $13bb = CopyCSpriteSpecStructsFromDEtoHL.loop
	         $13cc = Clear_wOam
	         $13d2 = Clear_wOam.loop
	         $13d7 = StoreAinHLwhenLCDFree
	         $13de = StoreBinHLwhenLCDFree
	         $13e5 = WaitUntilVramWritable
	         $13e5 = WaitUntilVramWritable.wait
	         $13ec = GameState_InGameInit
	         $143e = clearPiecesLoop
	         $1487 = clearPiecesLoop.skipReassignLines
	         $14a6 = clearPiecesLoop.notHeartMode
	         $14ad = clearPiecesLoop.afterGameTypeCheck
	         $14c3 = clearPiecesLoop.afterSeedDisplay
	         $14d7 = clearPiecesLoop.afterHardModeCheck
	         $14f3 = clearPiecesLoop.setNumLinesCompleted
	         $1510 = clearPiecesLoop.skipInitialLinesNumber
	         $1513 = clearPiecesLoop.setFramesUntilPieceMovesDown
	         $1521 = clearPiecesLoop.afterPieceHiddenCheck
	         $154c = clearPiecesLoop.notHeartModeBTypeLevel
	         $1553 = clearPiecesLoop.skipedNotHeartModeBTypeLevel
	         $155f = clearPiecesLoop.notDemo
	         $156c = clearPiecesLoop.end
	         $1586 = clearPiecesLoop.dontShowLetters
	         $1597 = clearPiecesLoop.skipHideScore
	         $1598 = SetNumFramesUntilPiecesMoveDown
	         $15a9 = SetNumFramesUntilPiecesMoveDown.getIndexInDE
	         $15aa = SetNumFramesUntilPiecesMoveDown.setTopSpeedForPieces
	         $15c7 = SetNumFramesUntilPiecesMoveDown.isHeartL
	         $15cf = SetNumFramesUntilPiecesMoveDown.isHeartM
	         $15d5 = SetNumFramesUntilPiecesMoveDown.notHeartMode
	         $15d6 = SetNumFramesUntilPiecesMoveDown.framesData
	         $15ee = PopulateGameScreenWithRandomBlocks
	         $15ef = PopulateGameScreenWithRandomBlocks.decB
	         $15f5 = PopulateGameScreenWithRandomBlocks.mainLoop
	         $15f8 = PopulateGameScreenWithRandomBlocks.fromWasTileEmpty
	         $15fa = PopulateGameScreenWithRandomBlocks.toDecRandom
	         $1605 = PopulateGameScreenWithRandomBlocks.afterChoosingEmptyOrPieceSquare
	         $1611 = PopulateGameScreenWithRandomBlocks.pickedEmpty
	         $1613 = PopulateGameScreenWithRandomBlocks.emptyOrActualPieceSquareChosen
	         $1626 = PopulateGameScreenWithRandomBlocks.popAFstoreChosenSquare
	         $1627 = PopulateGameScreenWithRandomBlocks.storeChosenSquare
	         $162d = PopulateGameScreenWithRandomBlocks.isEmptyTile
	         $1639 = PopulateGameScreenWithRandomBlocks.from2player
	         $164e = PopulateGameScreenWithRandomBlocks.toNextRow
	         $1654 = PopulateGameScreenWithRandomBlocks.vramDestHighEqu9ah
	         $165a = GameState00_InGameMain
	         $1680 = GameState00_InGameMain.skipMusic
	         $1681 = InGameCheckResetAndPause.startNotPressed
	         $1681 = InGameCheckResetAndPause
	         $1691 = InGameCheckResetAndPause.toggleNextPiece
	         $169d = InGameCheckResetAndPause.setPieceVisibility
	         $16a4 = InGameCheckResetAndPause.pieceNotHidden
	         $16a7 = InGameCheckResetAndPause.skipHideNext
	         $16be = InGameCheckResetAndPause.unhide
	         $16c4 = InGameCheckResetAndPause.return
	         $16c5 = InGameCheckResetAndPause.start
	         $16e4 = InGameCheckResetAndPause.checkNewPausePress
	         $16f4 = InGameCheckResetAndPause.postponePause
	         $16fa = InGameCheckResetAndPause.togglePause
	         $1710 = InGameCheckResetAndPause.maxReached
	         $1727 = InGameCheckResetAndPause.pauseNextVisibilityReady
	         $1736 = InGameCheckResetAndPause.setNextPieceVisibility
	         $1739 = InGameCheckResetAndPause.setCurrPieceVisibilityAndSend2PiecesToOam
	         $1743 = InGameCheckResetAndPause.gameUnPaused
	         $1760 = InGameCheckResetAndPause.popHL
	         $1762 = ShowPauseTextOnPlayfield
	         $177c = ShowPauseTextOnPlayfield.write
	         $1786 = ClearPausePanelRow
	         $1788 = ClearPausePanelRow.clear
	         $1792 = DrawPauseSeparatorRow
	         $1794 = DrawPauseSeparatorRow.draw
	         $179e = RestorePauseTextOnPlayfield
	         $17b6 = RestorePausePanelRow
	         $17b8 = RestorePausePanelRow.restore
	         $17c2 = GameState01_GameOverInit
	         $17e9 = HideATypeScore
	         $17f8 = HideATypeScore.hiddenTile
	         $1801 = RevealATypeScore
	         $1811 = RevealATypeScore.clearHiddenTiles
	         $181e = CopyBufferedATypeScoreToVram
	         $1826 = CopyBufferedATypeScoreToVram.copy
	         $1830 = GameState04_LevelEndedMain
	         $1851 = GameState04_LevelEndedMain.storeMusicPosition
	         $185b = GameState04_LevelEndedMain.stopMusic
	         $1862 = GameState04_LevelEndedMain.skipPlayMusic
	         $1862 = GameState04_LevelEndedMain.skipTurnOffMusic
	         $186b = GameState04_LevelEndedMain.aOrStartPressed
	         $187a = GameState04_LevelEndedMain.setGameState
	         $187d = GameState05_BTypeLevelFinished
	         $18a2 = GameState0b_ScoreUpdateAfterBTypeLevelDone
	         $18bf = GameState0b_ScoreUpdateAfterBTypeLevelDone.notHeartMode
	         $18c5 = GameState0b_ScoreUpdateAfterBTypeLevelDone.skipNotHeartMode
	         $18f2 = GameState0b_ScoreUpdateAfterBTypeLevelDone.skipFirstDigitSingles
	         $1903 = GameState0b_ScoreUpdateAfterBTypeLevelDone.skipFirstDigitDoubles
	         $1914 = GameState0b_ScoreUpdateAfterBTypeLevelDone.skipFirstDigitTriples
	         $1925 = GameState0b_ScoreUpdateAfterBTypeLevelDone.skipFirstDigitQuads
	         $1942 = GameState0b_ScoreUpdateAfterBTypeLevelDone.removeLeadingPushdownZero
	         $194c = GameState0b_ScoreUpdateAfterBTypeLevelDone.pushdownReady
	         $196e = GameState0b_ScoreUpdateAfterBTypeLevelDone.removeZeroLoop
	         $197f = GameState0b_ScoreUpdateAfterBTypeLevelDone.waitForTransfer
	         $197f = GameState0b_ScoreUpdateAfterBTypeLevelDone.skipRemoveZeroLoop
	         $1993 = GameState0d_GameOverScreenClearing
	         $19a8 = GameState0d_GameOverScreenClearing.isDisgoutMode
	         $19b5 = GameState0d_GameOverScreenClearing.skipDigoutMode
	         $19cc = GameState0d_GameOverScreenClearing.checkForGooseEgg
	         $19ec = GameState0d_GameOverScreenClearing.isNotGooseEgg
	         $1a09 = GameState0d_GameOverScreenClearing.selectScoreMessage
	         $1a38 = GameState0d_GameOverScreenClearing.okGameNoJingle
	         $1a44 = GameState0d_GameOverScreenClearing.okGameCelebration1
	         $1a50 = GameState0d_GameOverScreenClearing.goodGame
	         $1a5c = GameState0d_GameOverScreenClearing.smallRocket
	         $1a68 = GameState0d_GameOverScreenClearing.mediumRocket
	         $1a74 = GameState0d_GameOverScreenClearing.bigRocket
	         $1a80 = GameState0d_GameOverScreenClearing.greatScore
	         $1a8c = GameState0d_GameOverScreenClearing.millionScore
	         $1a96 = GameState0d_GameOverScreenClearing.skipToEndOfGame
	         $1aa6 = GameState0d_GameOverScreenClearing.musicChoice
	         $1aae = StartPostGameMusic
	         $1ace = StartPostGameMusic.loserMusic
	         $1ad3 = StartPostGameMusic.celebration1Music
	         $1ad8 = StartPostGameMusic.celebration2Music
	         $1add = StartPostGameMusic.celebration3Music
	         $1ae0 = StartPostGameMusic.loadMusic
	         $1aee = StartPostGameMusic.noMusic
	         $1af6 = CopyGameScreenInnerText
	         $1af6 = CopyGameScreenInnerText.nextRow
	         $1af9 = CopyGameScreenInnerText.nextCol
	         $1b0a = AddOnCompletedLinesScore
	         $1b37 = AddOnCompletedLinesScore.afterChoosingScoreCateg
	         $1b3d = AddOnCompletedLinesScore.loop
	         $1b4b = FillGameScreenBufferWithTileAandSetToVramTransfer
	         $1b51 = FillGameScreenBufferWithTileA
	         $1b59 = FillGameScreenBufferWithTileA.nextRow
	         $1b5c = FillGameScreenBufferWithTileA.nextCol
	         $1b66 = PlayNextPieceLoadNextAndHiddenPiece
	         $1b7c = PlayNextPieceLoadNextAndHiddenPiece.only1player
	         $1b7e = PlayNextPieceLoadNextAndHiddenPiece.upToDIV
	         $1b9a = PlayNextPieceLoadNextAndHiddenPiece.takeFromDiv
	         $1b9e = PlayNextPieceLoadNextAndHiddenPiece.seedNotZero
	         $1ba1 = PlayNextPieceLoadNextAndHiddenPiece.skipLFSR
	         $1ba2 = PlayNextPieceLoadNextAndHiddenPiece.xorAloop
	         $1ba3 = PlayNextPieceLoadNextAndHiddenPiece.nextB
	         $1bb0 = PlayNextPieceLoadNextAndHiddenPiece.bEqu0
	         $1bbe = PlayNextPieceLoadNextAndHiddenPiece.hDone
	         $1bc1 = PlayNextPieceLoadNextAndHiddenPiece.skipDIV
	         $1bcd = InGameHandlePieceFalling.holdingDown
	         $1bcd = InGameHandlePieceFalling
	         $1bdf = InGameHandlePieceFalling.afterCheckingIfPressedDown
	         $1bfe = InGameHandlePieceFalling.levelL
	         $1c04 = InGameHandlePieceFalling.levelM
	         $1c08 = InGameHandlePieceFalling.skipPushdown
	         $1c0e = InGameHandlePieceFalling.start
	         $1c16 = InGameHandlePieceFalling.afterPressedDown
	         $1c23 = InGameHandlePieceFalling.sendActivePieceToOam
	         $1c27 = InGameHandlePieceFalling.currScoreEqu0
	         $1c34 = InGameHandlePieceFalling.afterIncTimesHoldingDownForPiece
	         $1c74 = InGameHandlePieceFalling.clearTimesHoldingDown
	         $1c77 = InGameHandlePieceFalling.fromNotHoldingDown
	         $1c98 = InGameHandlePieceFalling.skipGameOver
	         $1c9a = InGameHandlePieceFalling.isAType
	         $1ca1 = InGameHandlePieceFalling.keepAdding
	         $1ca8 = InGameHandlePieceFalling.addDropsToScore
	         $1cbb = InGameCheckIfAnyTetrisRowsComplete
	         $1cd0 = InGameCheckIfAnyTetrisRowsComplete.nextRow
	         $1cd3 = InGameCheckIfAnyTetrisRowsComplete.nextCol
	         $1ce8 = InGameCheckIfAnyTetrisRowsComplete.toNextRow
	         $1d18 = InGameCheckIfAnyTetrisRowsComplete.gameTypeB
	         $1d22 = InGameCheckIfAnyTetrisRowsComplete.skipAddLastLines
	         $1d2c = InGameCheckIfAnyTetrisRowsComplete.afterGameTypeNumLinesProcessing
	         $1d5b = InGameCheckIfAnyTetrisRowsComplete.setLineCapReached
	         $1d60 = InGameCheckIfAnyTetrisRowsComplete.wasNotATypeOrNoCap
	         $1d6e = InGameCheckIfAnyTetrisRowsComplete.skipWasNotBType
	         $1d83 = InGameCheckIfAnyTetrisRowsComplete.checkNormalLineClears
	         $1da4 = InGameCheckIfAnyTetrisRowsComplete.isTetris
	         $1dab = InGameCheckIfAnyTetrisRowsComplete.end
	         $1dc6 = InGameCheckIfAnyTetrisRowsComplete.isSingle
	         $1dcb = InGameCheckIfAnyTetrisRowsComplete.isDouble
	         $1dd0 = InGameCheckIfAnyTetrisRowsComplete.isTriple
	         $1dd5 = InGameCheckIfAnyTetrisRowsComplete.isQuad
	         $1dd8 = InGameCheckIfAnyTetrisRowsComplete.assignToClearType
	         $1de4 = InGameCheckIfAnyTetrisRowsComplete.LastDigitWasNine
	         $1dea = InGameCheckIfAnyTetrisRowsComplete.skipDigitCheck
	         $1e03 = InGameCheckIfAnyTetrisRowsComplete.playOriginalLineClearSound
	         $1e08 = InGameCheckIfAnyTetrisRowsComplete.emptyTileFoundInRow
	         $1e0c = InGameCheckIfAnyTetrisRowsComplete.clearNumLinesCompleted
	         $1e12 = FlashCompletedTetrisRows
	         $1e28 = FlashCompletedTetrisRows.upperOuterLoop
	         $1e38 = FlashCompletedTetrisRows.flashRow
	         $1e3a = FlashCompletedTetrisRows.flashRowLoop
	         $1e43 = FlashCompletedTetrisRows.incFlashCount
	         $1e51 = FlashCompletedTetrisRows.flashed7times
	         $1e5c = FlashCompletedTetrisRows.finishedHandlingPieceFalling
	         $1e60 = FlashCompletedTetrisRows.flashRowsWithOrigTile
	         $1e6a = FlashCompletedTetrisRows.origTileCopyLoop
	         $1e7a = FlashCompletedTetrisRows.doneWithFallingPiecePlayNextPiece
	         $1e7f = ShiftEntireGameRamBufferDownARow
	         $1e8c = ShiftEntireGameRamBufferDownARow.nextCompletedRow
	         $1e97 = ShiftEntireGameRamBufferDownARow.nextRow
	         $1e9a = ShiftEntireGameRamBufferDownARow.rowShiftCopy
	         $1eb9 = ShiftEntireGameRamBufferDownARow.clearTopRow
	         $1ec5 = ClearPointersToCompletedTetrisRows
	         $1ecb = ClearPointersToCompletedTetrisRows.loop
	         $1ed0 = CopyRamBufferRow17ToVram
	         $1edf = CopyRamBufferRow16ToVram
	         $1eee = CopyRamBufferRow15ToVram
	         $1efd = CopyRamBufferRow14ToVram
	         $1f0c = CopyRamBufferRow13ToVram
	         $1f1b = CopyRamBufferRow12ToVram
	         $1f2a = CopyRamBufferRow11ToVram
	         $1f41 = CopyRamBufferRow11ToVram.loop
	         $1f47 = CopyRamBufferRow11ToVram.is2Player
	         $1f55 = CopyRamBufferRow10ToVram
	         $1f64 = CopyRamBufferRow9ToVram
	         $1f73 = CopyRamBufferRow8ToVram
	         $1f82 = CopyRamBufferRow7ToVram
	         $1f91 = CopyRamBufferRow6ToVram
	         $1fa0 = CopyRamBufferRow5ToVram
	         $1faf = CopyRamBufferRow4ToVram
	         $1fbe = CopyRamBufferRow3ToVram
	         $1fd0 = CopyRamBufferRow2ToVram
	         $1fdf = CopyRamBufferRow1ToVram
	         $1ff4 = CopyRamBufferRow0ToVram
	         $2011 = CopyRamBufferRow0ToVram.getLinesToDisplay
	         $2027 = CopyRamBufferRow0ToVram.displayLines
	         $2041 = CopyRamBufferRow0ToVram.is1playerEnd
	         $2043 = CopyRamBufferRow0ToVram.setGameState
	         $2046 = CopyRamBufferRow0ToVram.playNextPiece
	         $2057 = CopyRamBufferRow0ToVram.generateNextPiece
	         $205b = CopyRamBufferRow0ToVram.is2player
	         $2067 = DisplayGameATypeScoreIfInGameAndForced
	         $207a = DisplayGameATypeScoreIfInGameAndForced.hideNotPossible
	         $2080 = DisplayGameATypeScoreIfInGameAndForced.skipDisplayScore
	         $2081 = CheckIfATypeNextLevelReached
	         $20b9 = CheckIfATypeNextLevelReached.noSoundForM
	         $20c8 = CheckIfATypeNextLevelReached.wasNotM
	         $20e7 = CheckIfATypeNextLevelReached.noSoundForL
	         $20ec = CheckIfATypeNextLevelReached.skipExtened
	         $211e = CheckIfATypeNextLevelReached.skipMove1
	         $211f = CheckIfATypeNextLevelReached.nextDigit
	         $2128 = CheckIfATypeNextLevelReached.skipMove2
	         $2140 = CheckIfATypeNextLevelReached.skipMove4
	         $2150 = CheckIfATypeNextLevelReached.skipMove3
	         $2153 = CheckIfATypeNextLevelReached.afterSendingNewLevelToVram
	         $215f = ABisBCDofValInHL
	         $2164 = ABisBCDofValInHL.loop
	         $216c = ABisBCDofValInHL.copyAtoB
	         $216e = CopyRamBufferRowToVram
	         $2170 = CopyRamBufferRowToVram.loop
	         $217d = InGameCheckButtonsPressed
	         $219c = InGameCheckButtonsPressed.pressedAAnimation0
	         $21a2 = InGameCheckButtonsPressed.pressedB
	         $21ac = InGameCheckButtonsPressed.pressedBAnimation3
	         $21b0 = InGameCheckButtonsPressed.afterRotation
	         $21bd = InGameCheckButtonsPressed.originalRotateSound
	         $21c2 = InGameCheckButtonsPressed.rotateSoundRequested
	         $21db = InGameCheckButtonsPressed.afterCollisionCheck
	         $21f9 = InGameCheckButtonsPressed.pressedRight
	         $220c = InGameCheckButtonsPressed.afterHorizCollisionCheck
	         $221b = InGameCheckButtonsPressed.notHeldLeft
	         $221e = InGameCheckButtonsPressed.notHeldRight
	         $2230 = InGameCheckButtonsPressed.pressedLeft
	         $2245 = RetZIfNoCollisionForPiece
	         $224a = RetZIfNoCollisionForPiece.nextSprite
	         $2268 = RetZIfNoCollisionForPiece.fromXis0
	         $226c = RetZIfNoCollisionForPiece.notEmpty
	         $2273 = InGameAddPieceToVram
	         $227d = InGameAddPieceToVram.nextSquareOfPiece
	         $228f = InGameAddPieceToVram.waitUntilVramAndOamFree
	         $22a1 = InGameAddPieceToVram.nextState
	         $22ab = ProcessCurrentScoreCategory
	         $22c9 = ProcessCurrentScoreCategory.afterDisplaying10s
	         $22ce = ProcessCurrentScoreCategory.addCategScore
	         $22e7 = ProcessCurrentScoreCategory.addToTotalScore
	         $22f5 = ProcessCurrentScoreCategory.displayTotalScoreWhileCurrentCategIsUpdating
	         $2303 = ProcessCurrentScoreCategory.currentCategScoreLineCountEqu0
	         $2304 = IncScoreCategoryProcessedAfterBTypeDone
	         $2317 = ClearScoreCategoryVarsAndTotalScore
	         $231d = ClearScoreCategoryVarsAndTotalScore.clearStructs
	         $2326 = ClearScoreCategoryVarsAndTotalScore.clearScore
	SECTION: $232b-$30e2 ($0db8 bytes) ["Graphics and Layouts"]
	         $232b = Gfx_MenuScreens
	         $2f7b = Layout_ATypeInGame
	         $2f7b = Gfx_MenuScreens.end
	SECTION: $30e3-$3877 ($0795 bytes) ["Sound Driver"]
	         $30e3 = hUGE_init
	         $30f4 = hUGE_init.copy_song_descriptor_loop
	         $3100 = hUGE_init.fill_loop
	         $3113 = load_patterns
	         $312b = load_patterns.load_pattern
	         $3139 = hUGE_mute_channel
	         $313f = hUGE_mute_channel.enable_loop
	         $3146 = hUGE_mute_channel.enable_cut
	         $3153 = get_current_row
	         $3156 = get_current_row.row_in_a
	         $3162 = get_current_note
	         $316f = get_note_period
	         $317c = get_note_poly
	         $3192 = ptr_to_channel_member
	         $319e = update_channel_freq
	         $31a0 = update_channel_freq.nonzero_highmask
	         $31ad = update_channel_freq.update_channel1
	         $31be = update_channel_freq.update_channel2
	         $31cf = update_channel_freq.update_channel3
	         $31e0 = update_channel_freq.update_channel4
	         $31f2 = play_note_routines
	         $31fa = play_ch1_note
	         $320d = play_ch2_note
	         $3220 = play_ch3_note
	         $3243 = play_ch4_note
	         $3254 = do_table
	         $3268 = do_table.no_steal
	         $326e = do_table.no_jump
	         $328c = do_table.is_ch4
	         $3293 = do_table.no_note
	         $3294 = do_table.no_note2
	         $3299 = do_effect
	         $329b = do_effect.no_set_offset
	         $32b3 = do_effect.no_offset
	         $32b9 = do_effect.jump
	         $32d9 = fx_set_master_volume
	         $32de = fx_call_routine
	         $32f8 = fx_set_pan
	         $32fd = fx_set_duty
	         $330a = fx_set_duty.chan1
	         $3311 = fx_set_duty.chan2
	         $3318 = fx_set_duty.chan4
	         $3323 = fx_set_duty.chan3
	         $3332 = update_ch3_waveform
	         $3381 = fx_set_speed
	         $3387 = fx_pos_jump
	         $3387 = hUGE_set_position
	         $3390 = fx_pos_jump.already_broken
	         $3393 = fx_pattern_break
	         $3399 = fx_note_cut
	         $33aa = note_cut
	         $33bd = fx_set_volume
	         $33cc = fx_set_volume.set_chn_1_vol
	         $33d9 = fx_set_volume.set_chn_2_vol
	         $33e6 = fx_set_volume.set_chn_3_vol
	         $33f5 = fx_set_volume.three
	         $33f9 = fx_set_volume.two
	         $33fd = fx_set_volume.one
	         $33ff = fx_set_volume.done
	         $3402 = fx_set_volume.set_chn_4_vol
	         $340b = fx_vibrato
	         $341e = fx_vibrato.restore
	         $3425 = fx_vibrato.go_up
	         $3430 = fx_vibrato.finish_vibrato
	         $3433 = fx_arpeggio
	         $3440 = fx_arpeggio.greater_than_two
	         $3442 = fx_arpeggio.test_greater_than_two
	         $344f = fx_arpeggio.arp_options
	         $3453 = fx_arpeggio.reset_arp
	         $3456 = fx_arpeggio.set_arp2
	         $345a = fx_arpeggio.set_arp1
	         $345b = fx_arpeggio.finish_arp
	         $345e = fx_arpeggio.finish_skip_add
	         $3466 = fx_porta_up
	         $3475 = fx_porta_down
	         $3484 = fx_toneporta
	         $3499 = fx_toneporta.high_byte_same
	         $349f = fx_toneporta.add
	         $34b1 = fx_toneporta.subtract
	         $34c7 = fx_toneporta.set_exact
	         $34c9 = fx_toneporta.done
	         $34db = fx_toneporta.setup
	         $34eb = ret_dont_play_note
	         $34f0 = fx_vol_slide
	         $351a = fx_vol_slide.cont1
	         $3521 = fx_vol_slide.cont2
	         $352c = fx_note_delay
	         $3530 = play_note
	         $353a = setup_instrument_pointer
	         $3541 = setup_instrument_pointer.finish
	         $354c = hUGE_dosound
	         $354c = _hUGE_dosound
	         $356e = hUGE_dosound.toneporta
	         $359b = hUGE_dosound.write_mask1
	         $359e = hUGE_dosound.do_setvol1
	         $35b8 = process_ch2
	         $35d3 = process_ch2.toneporta
	         $35fe = process_ch2.write_mask2
	         $3601 = process_ch2.do_setvol2
	         $361b = process_ch3
	         $3637 = process_ch3.toneporta
	         $365f = process_ch3.no_wave_copy
	         $366d = process_ch3.write_mask3
	         $3670 = process_ch3.do_setvol3
	         $368a = process_ch4
	         $36e1 = process_ch4.write_mask4
	         $36e4 = process_ch4.do_setvol4
	         $3701 = process_effects
	         $371a = process_effects.after_effect1
	         $372b = process_effects.process_ch2
	         $3744 = process_effects.after_effect2
	         $3755 = process_effects.process_ch3
	         $376e = process_effects.after_effect3
	         $377f = process_effects.process_ch4
	         $3798 = process_effects.after_effect4
	         $37a9 = tick_time
	         $37c5 = tick_time.no_break
	         $37cf = tick_time.neworder
	         $37dc = tick_time.update_current_order
	         $37e4 = tick_time.noreset
	         $37e8 = note_table
	SECTION: $3878-$3de7 ($0570 bytes) ["ROM Bank $001"]
	         $3878 = Gfx_Ascii
	         $39b0 = Layout_TitleScreen
	         $39b0 = Gfx_Ascii.end
	         $3b18 = Layout_SelectionScreen
	         $3c80 = Layout_Scoreboard
	EMPTY: $3de8-$3fff ($0218 bytes)
	TOTAL EMPTY: $024b bytes

ROMX bank #1:
	SECTION: $4000-$7894 ($3895 bytes) ["Chris-and-Triss-main-music Song Data"]
	         $4000 = chrisandtrissmain
	         $4015 = r_order_cnt
	         $4016 = r_order1
	         $4032 = r_order2
	         $404e = r_order3
	         $406a = r_order4
	         $4086 = r_P0
	         $4146 = r_P1
	         $4206 = r_P2
	         $42c6 = r_P3
	         $4386 = r_P4
	         $4446 = r_P5
	         $4506 = r_P6
	         $45c6 = r_P12
	         $4686 = r_P13
	         $4746 = r_P14
	         $4806 = r_P16
	         $48c6 = r_P17
	         $4986 = r_P19
	         $4a46 = r_P20
	         $4b06 = r_P21
	         $4bc6 = r_P23
	         $4c86 = r_P24
	         $4d46 = r_P27
	         $4e06 = r_itSquareSP10
	         $4e66 = r_itNoiseSP1
	         $4ec6 = r_itNoiseSP2
	         $4f26 = r_itNoiseSP3
	         $4f86 = r_itNoiseSP4
	         $4fe6 = r_itNoiseSP5
	         $5046 = r_itNoiseSP6
	         $50a6 = r_itNoiseSP7
	         $5106 = r_itNoiseSP8
	         $5166 = r_itNoiseSP9
	         $51c6 = r_itNoiseSP10
	         $5226 = r_itNoiseSP11
	         $5286 = r_itNoiseSP12
	         $52e6 = r_duty_instruments
	         $52e6 = r_itSquareinst1
	         $52ec = r_itSquareinst2
	         $52f2 = r_itSquareinst3
	         $52f8 = r_itSquareinst4
	         $52fe = r_itSquareinst5
	         $5304 = r_itSquareinst6
	         $530a = r_itSquareinst7
	         $5310 = r_itSquareinst8
	         $5316 = r_itSquareinst9
	         $531c = r_itSquareinst10
	         $5322 = r_itSquareinst11
	         $5328 = r_itSquareinst12
	         $532e = r_wave_instruments
	         $532e = r_itWaveinst1
	         $5334 = r_itWaveinst2
	         $533a = r_itWaveinst3
	         $5340 = r_itWaveinst4
	         $5346 = r_itWaveinst5
	         $534c = r_itWaveinst6
	         $5352 = r_itWaveinst7
	         $5358 = r_itWaveinst8
	         $535e = r_itWaveinst9
	         $5364 = r_itWaveinst10
	         $536a = r_itWaveinst11
	         $5370 = r_itWaveinst12
	         $5376 = r_noise_instruments
	         $5376 = r_itNoiseinst1
	         $537c = r_itNoiseinst2
	         $5382 = r_itNoiseinst3
	         $5388 = r_itNoiseinst4
	         $538e = r_itNoiseinst5
	         $5394 = r_itNoiseinst6
	         $539a = r_itNoiseinst7
	         $53a0 = r_itNoiseinst8
	         $53a6 = r_itNoiseinst9
	         $53ac = r_itNoiseinst10
	         $53b2 = r_itNoiseinst11
	         $53b8 = r_itNoiseinst12
	         $53be = r_routines
	         $53be = __r_hUGE_Routine_0
	         $53be = __r_end_hUGE_Routine_0
	         $53bf = __r_hUGE_Routine_1
	         $53bf = __r_end_hUGE_Routine_1
	         $53c0 = __r_hUGE_Routine_2
	         $53c0 = __r_end_hUGE_Routine_2
	         $53c1 = __r_hUGE_Routine_3
	         $53c1 = __r_end_hUGE_Routine_3
	         $53c2 = __r_hUGE_Routine_4
	         $53c2 = __r_end_hUGE_Routine_4
	         $53c3 = __r_hUGE_Routine_5
	         $53c3 = __r_end_hUGE_Routine_5
	         $53c4 = __r_hUGE_Routine_6
	         $53c4 = __r_end_hUGE_Routine_6
	         $53c5 = __r_hUGE_Routine_7
	         $53c5 = __r_end_hUGE_Routine_7
	         $53c6 = __r_hUGE_Routine_8
	         $53c6 = __r_end_hUGE_Routine_8
	         $53c7 = __r_hUGE_Routine_9
	         $53c7 = __r_end_hUGE_Routine_9
	         $53c8 = __r_hUGE_Routine_10
	         $53c8 = __r_end_hUGE_Routine_10
	         $53c9 = __r_hUGE_Routine_11
	         $53c9 = __r_end_hUGE_Routine_11
	         $53ca = __r_hUGE_Routine_12
	         $53ca = __r_end_hUGE_Routine_12
	         $53cb = __r_hUGE_Routine_13
	         $53cb = __r_end_hUGE_Routine_13
	         $53cc = __r_hUGE_Routine_14
	         $53cc = __r_end_hUGE_Routine_14
	         $53cd = __r_hUGE_Routine_15
	         $53cd = __r_end_hUGE_Routine_15
	         $53ce = r_waves
	         $53ce = wave0
	         $53de = wave1
	         $53ee = wave2
	         $53fe = wave3
	         $540e = wave4
	         $541e = wave5
	         $542e = wave6
	         $543e = wave7
	         $544e = wave8
	         $545e = wave9
	         $546e = wave10
	         $547e = wave11
	         $548e = wave12
	         $549e = successmusic
	         $54b1 = s_order_cnt
	         $54b2 = s_order1
	         $54b4 = s_order2
	         $54b6 = s_order3
	         $54b8 = s_order4
	         $54ba = s_P0
	         $557a = s_P1
	         $563a = s_P2
	         $56fa = s_P3
	         $57ba = s_itSquareSP10
	         $581a = s_duty_instruments
	         $581a = s_itSquareinst1
	         $5820 = s_itSquareinst2
	         $5826 = s_itSquareinst3
	         $582c = s_itSquareinst4
	         $5832 = s_itSquareinst5
	         $5838 = s_itSquareinst6
	         $583e = s_itSquareinst7
	         $5844 = s_itSquareinst8
	         $584a = s_itSquareinst9
	         $5850 = s_itSquareinst10
	         $5856 = s_itSquareinst11
	         $585c = s_itSquareinst12
	         $5862 = s_itSquareinst13
	         $5868 = s_wave_instruments
	         $5868 = s_itWaveinst1
	         $586e = s_itWaveinst2
	         $5874 = s_itWaveinst3
	         $587a = s_itWaveinst4
	         $5880 = s_itWaveinst5
	         $5886 = s_itWaveinst6
	         $588c = s_itWaveinst7
	         $5892 = s_itWaveinst8
	         $5898 = s_itWaveinst9
	         $589e = s_itWaveinst10
	         $58a4 = s_itWaveinst11
	         $58aa = s_itWaveinst12
	         $58b0 = s_itWaveinst13
	         $58b6 = s_itWaveinst14
	         $58bc = s_itWaveinst15
	         $58c2 = failmusic
	         $58c2 = s_noise_instruments
	         $58d5 = f_order_cnt
	         $58d6 = f_order1
	         $58d8 = f_order2
	         $58da = f_order3
	         $58dc = f_order4
	         $58de = f_P0
	         $599e = f_P1
	         $5a5e = f_P2
	         $5b1e = f_P3
	         $5bde = f_itSquareSP10
	         $5c3e = f_itNoiseSP1
	         $5c9e = f_itNoiseSP2
	         $5cfe = f_itNoiseSP3
	         $5d5e = f_itNoiseSP4
	         $5dbe = f_itNoiseSP5
	         $5e1e = f_duty_instruments
	         $5e1e = f_itSquareinst1
	         $5e24 = f_itSquareinst2
	         $5e2a = f_itSquareinst3
	         $5e30 = f_itSquareinst4
	         $5e36 = f_itSquareinst5
	         $5e3c = f_itSquareinst6
	         $5e42 = f_itSquareinst7
	         $5e48 = f_itSquareinst8
	         $5e4e = f_itSquareinst9
	         $5e54 = f_itSquareinst10
	         $5e5a = f_itSquareinst11
	         $5e60 = f_itSquareinst12
	         $5e66 = f_itSquareinst13
	         $5e6c = f_itSquareinst14
	         $5e72 = f_wave_instruments
	         $5e72 = f_itWaveinst1
	         $5e78 = f_itWaveinst2
	         $5e7e = f_itWaveinst3
	         $5e84 = f_itWaveinst4
	         $5e8a = f_itWaveinst5
	         $5e90 = f_itWaveinst6
	         $5e96 = f_itWaveinst7
	         $5e9c = f_itWaveinst8
	         $5ea2 = f_itWaveinst9
	         $5ea8 = f_itWaveinst10
	         $5eae = f_itWaveinst11
	         $5eb4 = f_itWaveinst12
	         $5eba = f_noise_instruments
	         $5eba = f_itNoiseinst1
	         $5ec0 = f_itNoiseinst2
	         $5ec6 = f_itNoiseinst3
	         $5ecc = f_itNoiseinst4
	         $5ed2 = f_itNoiseinst5
	         $5ed8 = okGameMusic
	         $5eeb = c_order_cnt
	         $5eec = c_order1
	         $5eee = c_order2
	         $5ef0 = c_order3
	         $5ef2 = c_order4
	         $5ef4 = c_P0
	         $5fb4 = c_P1
	         $6074 = c_P2
	         $6134 = c_P3
	         $61f4 = c_itSquareSP10
	         $6254 = c_itNoiseSP1
	         $62b4 = c_itNoiseSP2
	         $6314 = c_itNoiseSP3
	         $6374 = c_itNoiseSP4
	         $63d4 = c_itNoiseSP5
	         $6434 = c_itNoiseSP6
	         $6494 = c_itNoiseSP7
	         $64f4 = c_itNoiseSP8
	         $6554 = c_itNoiseSP9
	         $65b4 = c_itNoiseSP10
	         $6614 = c_itNoiseSP11
	         $6674 = c_itNoiseSP12
	         $66d4 = c_itNoiseSP13
	         $6734 = c_itNoiseSP14
	         $6794 = c_duty_instruments
	         $6794 = c_itSquareinst1
	         $679a = c_itSquareinst2
	         $67a0 = c_itSquareinst3
	         $67a6 = c_itSquareinst4
	         $67ac = c_itSquareinst5
	         $67b2 = c_itSquareinst6
	         $67b8 = c_itSquareinst7
	         $67be = c_itSquareinst8
	         $67c4 = c_itSquareinst9
	         $67ca = c_itSquareinst10
	         $67d0 = c_itSquareinst11
	         $67d6 = c_itSquareinst12
	         $67dc = c_itSquareinst13
	         $67e2 = c_itSquareinst14
	         $67e8 = c_wave_instruments
	         $67e8 = c_itWaveinst1
	         $67ee = c_itWaveinst2
	         $67f4 = c_itWaveinst3
	         $67fa = c_itWaveinst4
	         $6800 = c_itWaveinst5
	         $6806 = c_itWaveinst6
	         $680c = c_noise_instruments
	         $680c = c_itNoiseinst1
	         $6812 = c_itNoiseinst2
	         $6818 = c_itNoiseinst3
	         $681e = c_itNoiseinst4
	         $6824 = c_itNoiseinst5
	         $682a = c_itNoiseinst6
	         $6830 = c_itNoiseinst7
	         $6836 = c_itNoiseinst8
	         $683c = c_itNoiseinst9
	         $6842 = c_itNoiseinst10
	         $6848 = c_itNoiseinst11
	         $684e = c_itNoiseinst12
	         $6854 = c_itNoiseinst13
	         $685a = c_itNoiseinst14
	         $6860 = maxoutmusic
	         $6873 = m_order_cnt
	         $6874 = m_order1
	         $6876 = m_order2
	         $6878 = m_order3
	         $687a = m_order4
	         $687c = m_P0
	         $693c = m_P1
	         $69fc = m_P2
	         $6abc = m_P3
	         $6b7c = m_itSquareSP10
	         $6bdc = m_itNoiseSP1
	         $6c3c = m_itNoiseSP2
	         $6c9c = m_itNoiseSP3
	         $6cfc = m_itNoiseSP4
	         $6d5c = m_itNoiseSP5
	         $6dbc = m_itNoiseSP6
	         $6e1c = m_itNoiseSP7
	         $6e7c = m_itNoiseSP8
	         $6edc = m_itNoiseSP9
	         $6f3c = m_itNoiseSP10
	         $6f9c = m_itNoiseSP11
	         $6ffc = m_itNoiseSP12
	         $705c = m_itNoiseSP13
	         $70bc = m_duty_instruments
	         $70bc = m_itSquareinst1
	         $70c2 = m_itSquareinst2
	         $70c8 = m_itSquareinst3
	         $70ce = m_itSquareinst4
	         $70d4 = m_itSquareinst5
	         $70da = m_itSquareinst6
	         $70e0 = m_itSquareinst7
	         $70e6 = m_itSquareinst8
	         $70ec = m_itSquareinst9
	         $70f2 = m_itSquareinst10
	         $70f8 = m_itSquareinst11
	         $70fe = m_itSquareinst12
	         $7104 = m_itSquareinst13
	         $710a = m_wave_instruments
	         $710a = m_itWaveinst1
	         $7110 = m_noise_instruments
	         $7110 = m_itNoiseinst1
	         $7116 = m_itNoiseinst2
	         $711c = m_itNoiseinst3
	         $7122 = m_itNoiseinst4
	         $7128 = m_itNoiseinst5
	         $712e = m_itNoiseinst6
	         $7134 = m_itNoiseinst7
	         $713a = m_itNoiseinst8
	         $7140 = m_itNoiseinst9
	         $7146 = m_itNoiseinst10
	         $714c = m_itNoiseinst11
	         $7152 = m_itNoiseinst12
	         $7158 = m_itNoiseinst13
	         $715e = m_routines
	         $715e = __end_hUGE_Routine_0
	         $715e = __hUGE_Routine_0
	         $715f = __end_hUGE_Routine_1
	         $715f = __hUGE_Routine_1
	         $7160 = __end_hUGE_Routine_2
	         $7160 = __hUGE_Routine_2
	         $7161 = __end_hUGE_Routine_3
	         $7161 = __hUGE_Routine_3
	         $7162 = __end_hUGE_Routine_4
	         $7162 = __hUGE_Routine_4
	         $7163 = __end_hUGE_Routine_5
	         $7163 = __hUGE_Routine_5
	         $7164 = __end_hUGE_Routine_6
	         $7164 = __hUGE_Routine_6
	         $7165 = __end_hUGE_Routine_7
	         $7165 = __hUGE_Routine_7
	         $7166 = __hUGE_Routine_8
	         $7166 = __end_hUGE_Routine_8
	         $7167 = __hUGE_Routine_9
	         $7167 = __end_hUGE_Routine_9
	         $7168 = __hUGE_Routine_10
	         $7168 = __end_hUGE_Routine_10
	         $7169 = __hUGE_Routine_11
	         $7169 = __end_hUGE_Routine_11
	         $716a = __hUGE_Routine_12
	         $716a = __end_hUGE_Routine_12
	         $716b = __hUGE_Routine_13
	         $716b = __end_hUGE_Routine_13
	         $716c = __end_hUGE_Routine_14
	         $716c = __hUGE_Routine_14
	         $716d = __end_hUGE_Routine_15
	         $716d = __hUGE_Routine_15
	         $716e = m_waves
	         $716e = m_wave0
	         $717e = m_wave1
	         $718e = UnusedStoreBCDByteInHLInDestDE
	         $719a = Copy2SpriteSpecsToShadowOam
	         $719c = CopyASpriteSpecsToShadowOam
	         $71ac = Copy1stSpriteSpecToSprite4
	         $71bf = Copy2ndSpriteSpecToSprite8
	         $71d2 = DisplayBlackColumnFromHLdown
	         $71d9 = DisplayBlackColumnFromHLdown.loop
	         $71df = CopyDEintoHLwhileFFhNotFound
	         $71df = CopyDEintoHLwhileFFhNotFound.loop
	         $71e7 = StubInterruptHandler
	         $71e8 = SpriteSpecStruct_LPieceActive
	         $71f0 = SpriteSpecStruct_LPieceNext
	         $71f8 = FillScreen0FromHLdownWithEmptyTile
	         $71fb = FillScreenFromHLdownWithEmptyTile
	         $71fe = FillScreenFromHLdownWithEmptyTile.loop
	         $7207 = CopyHLtoDE_BCbytes
	         $7207 = CopyHLtoDE_BCbytes.loop
	         $7210 = LoadTileSet
	         $7226 = CopyAsciiTileData
	         $722f = CopyAsciiTileData.loop
	         $723a = UnusedCopyHLtoVram1000hBytes
	         $723d = CopyHLtoVramBCbytes
	         $7243 = Stub_27ea
	         $7244 = CopyLayoutToScreen0
	         $7249 = CopyLayoutToScreen1
	         $724c = CopyLayoutToHL
	         $724e = CopyLayoutBrowsToHL
	         $724e = CopyLayoutBrowsToHL.loopRow
	         $7251 = CopyLayoutBrowsToHL.loopCol
	         $7262 = CopyToGameScreenUntilByteReadEquFFhThenSetVramTransfer
	         $7262 = CopyToGameScreenUntilByteReadEquFFhThenSetVramTransfer.nextRow
	         $7265 = CopyToGameScreenUntilByteReadEquFFhThenSetVramTransfer.loop
	         $7278 = CopyToGameScreenUntilByteReadEquFFhThenSetVramTransfer.done
	         $727e = TurnOffLCD
	         $7286 = TurnOffLCD.waitUntilInVBlank
	         $7297 = GameInnerScreenLayout_Pause
	         $72b5 = GameScreenLayout_ScoreTotals
	         $72b5 = GameInnerScreenLayout_Pause.end
	         $736a = GameInnerScreenLayout_GameOver_CapReached
	         $736a = GameInnerScreenLayout_BType_fail
	         $7382 = GameInnerScreenLayout_GameOver_ZeroPoints
	         $73a2 = GameInnerScreenLayout_GameOver_BTypeFailed
	         $73c2 = GameInnerScreenLayout_GameOver_Below10k
	         $73ca = GameInnerScreenLayout_GameOver_Below50k
	         $73da = GameInnerScreenLayout_GameOver_Above50k
	         $73ea = GameInnerScreenLayout_GameOver_Above100k
	         $73fa = GameInnerScreenLayout_GameOver_Above150k
	         $740a = GameInnerScreenLayout_GameOver_Above200k
	         $741a = GameInnerScreenLayout_GameOver_GreatScore
	         $742a = GameInnerScreenLayout_GameOver_Maxout
	         $744a = PollInput
	         $7487 = GetScreen0AddressOfPieceSquare
	         $749a = GetScreen0AddressOfPieceSquare.loop
	         $74b4 = UpdateScoreAType
	         $74c0 = DisplayBCDNum6DigitsIfForced
	         $74c4 = DisplayBCDNum6Digits
	         $74d0 = DisplayBCDNum2CDigits
	         $74d3 = DisplayBCDNum2CDigits.nextByte
	         $74e4 = DisplayBCDNum2CDigits.displayTens
	         $74fa = DisplayBCDNum2CDigits.displayOnes
	         $7503 = DisplayBCDNum2CDigits.tensNot0
	         $750b = DisplayBCDNum2CDigits.onesNot0
	         $7513 = OamDmaFunction
	         $7519 = OamDmaFunction.wait
	         $751d = OamDmaFunction.end
	         $751d = CopyToShadowOamBasedOnSpriteSpec
	         $751d = CopyToShadowOamBasedOnSpriteSpec.nextStructInSpriteSpec
	         $752b = CopyToShadowOamBasedOnSpriteSpec.checkIfMoreSpriteSpecs
	         $753d = CopyToShadowOamBasedOnSpriteSpec.showNextSpritesCheckIfMoreSpriteSpecs
	         $7542 = CopyToShadowOamBasedOnSpriteSpec.hideNextSpritesBeingProcessed
	         $7544 = CopyToShadowOamBasedOnSpriteSpec.dontHideNextSpritesBeingProcessed
	         $7549 = CopyToShadowOamBasedOnSpriteSpec.copyLoop1
	         $756c = CopyToShadowOamBasedOnSpriteSpec.bigLoop
	         $7584 = CopyToShadowOamBasedOnSpriteSpec.dataByteEquFEh
	         $7588 = CopyToShadowOamBasedOnSpriteSpec.dataByteNotFFhOrFDh
	         $758c = CopyToShadowOamBasedOnSpriteSpec.setTileIndex
	         $759f = CopyToShadowOamBasedOnSpriteSpec.spriteSpecYFlipped
	         $75a9 = CopyToShadowOamBasedOnSpriteSpec.setSpriteY
	         $75be = CopyToShadowOamBasedOnSpriteSpec.spriteSpecXFlipped
	         $75c8 = CopyToShadowOamBasedOnSpriteSpec.setSpriteX
	         $75da = CopyToShadowOamBasedOnSpriteSpec.dontHideSprite
	         $75dc = CopyToShadowOamBasedOnSpriteSpec.setSpriteVars
	         $75f8 = SpriteTiles_L_North
	         $7608 = SpriteTiles_L_East
	         $761a = SpriteTiles_L_South
	         $7629 = SpriteTiles_L_West
	         $763a = SpriteTiles_J_North
	         $764c = SpriteTiles_J_East
	         $765d = SpriteTiles_J_South
	         $766b = SpriteTiles_J_West
	         $767c = SpriteTiles_I_North
	         $768b = SpriteTiles_I_East
	         $769c = SpriteTiles_I_South
	         $76ab = SpriteTiles_I_West
	         $76bc = SpriteTiles_O_North
	         $76ce = SpriteTiles_O_East
	         $76e0 = SpriteTiles_O_South
	         $76f2 = SpriteTiles_O_West
	         $7704 = SpriteTiles_Z_North
	         $7716 = SpriteTiles_Z_East
	         $7726 = SpriteTiles_Z_South
	         $7738 = SpriteTiles_Z_West
	         $7748 = SpriteTiles_S_North
	         $7759 = SpriteTiles_S_East
	         $776a = SpriteTiles_S_South
	         $777b = SpriteTiles_S_West
	         $778c = SpriteTiles_T_North
	         $779d = SpriteTiles_T_East
	         $77ae = SpriteTiles_T_South
	         $77bc = SpriteTiles_T_West
	         $77cd = SpriteData
	         $7805 = SpriteSpec_L_North
	         $7809 = SpriteSpec_L_East
	         $780d = SpriteSpec_L_South
	         $7811 = SpriteSpec_L_West
	         $7815 = SpriteSpec_J_North
	         $7819 = SpriteSpec_J_East
	         $781d = SpriteSpec_J_South
	         $7821 = SpriteSpec_J_West
	         $7825 = SpriteSpec_I_North
	         $7829 = SpriteSpec_I_East
	         $782d = SpriteSpec_I_South
	         $7831 = SpriteSpec_I_West
	         $7835 = SpriteSpec_O_North
	         $7839 = SpriteSpec_O_East
	         $783d = SpriteSpec_O_South
	         $7841 = SpriteSpec_O_West
	         $7845 = SpriteSpec_Z_North
	         $7849 = SpriteSpec_Z_East
	         $784d = SpriteSpec_Z_South
	         $7851 = SpriteSpec_Z_West
	         $7855 = SpriteSpec_S_North
	         $7859 = SpriteSpec_S_East
	         $785d = SpriteSpec_S_South
	         $7861 = SpriteSpec_S_West
	         $7865 = SpriteSpec_T_North
	         $7869 = SpriteSpec_T_East
	         $786d = SpriteSpec_T_South
	         $7871 = SpriteSpec_T_West
	         $7875 = SpriteCoords_L_North
	         $7875 = SpriteCoords_L_East
	         $7875 = SpriteCoords_L_South
	         $7875 = SpriteCoords_L_West
	         $7875 = SpriteCoords_J_North
	         $7875 = SpriteCoords_J_East
	         $7875 = SpriteCoords_J_South
	         $7875 = SpriteCoords_J_West
	         $7875 = SpriteCoords_I_North
	         $7875 = SpriteCoords_I_East
	         $7875 = SpriteCoords_I_South
	         $7875 = SpriteCoords_I_West
	         $7875 = SpriteCoords_O_North
	         $7875 = SpriteCoords_O_East
	         $7875 = SpriteCoords_O_South
	         $7875 = SpriteCoords_O_West
	         $7875 = SpriteCoords_Z_North
	         $7875 = SpriteCoords_Z_East
	         $7875 = SpriteCoords_Z_South
	         $7875 = SpriteCoords_Z_West
	         $7875 = SpriteCoords_S_North
	         $7875 = SpriteCoords_S_East
	         $7875 = SpriteCoords_S_South
	         $7875 = SpriteCoords_S_West
	         $7875 = SpriteCoords_T_North
	         $7875 = SpriteCoords_T_East
	         $7875 = SpriteCoords_T_South
	         $7875 = SpriteCoords_T_West
	SECTION: $7895-$7f98 ($0704 bytes) ["Sound Engine"]
	         $7895 = SquareSoundEffectTable_Init
	         $78a5 = SquareSoundEffectTable_Update
	         $78b5 = NoiseSoundEffect_Init
	         $78bd = NoiseSoundEffect_Update
	         $78c5 = UpdateSound
	         $78c5 = SongsSoundChannelsData
	         $78dc = UpdateSound.endPath
	         $78ee = UpdateSound.dontUnset
	         $78fb = UpdateSound.done
	         $7910 = UpdateSound.gameJustPaused
	         $791d = UpdateSound.gameJustUnpaused
	         $7923 = UpdateSound.processPausedCounter
	         $792e = IsSoundEffect_MovingSelection
	         $7934 = Aud1RegValsInit_MovingSelection
	         $7939 = Aud1RegValsUpdate_MovingSelection
	         $793e = SquareEffectInit_MovingSelection
	         $7946 = SquareEffectUpdate_MovingSelection
	         $794b = IsSoundEffect_TetrisRowsFell
	         $7951 = SquareEffectInit_TetrisRowsFell
	         $795d = Aud1RegValsInit_TetrisRowsFell
	         $7962 = Aud4RegValsInit_TetrisRowsFell
	         $7966 = NoiseEffectInit_TetrisRowsFell
	         $796e = Aud4RegValsInit_LineClear
	         $7972 = NoiseEffectInit_LineClear
	         $797a = NoiseEffectUpdate_LineClear
	         $7992 = NoiseEffectUpdate_LineClear.setPoly
	         $7999 = Aud4RegValsInit_Rotation
	         $799d = NoiseEffectInit_Rotation
	         $79a5 = NoiseEffectUpdate_Rotation
	         $79bd = IsSoundEffect_4LinesCleared
	         $79c3 = Aud1RegVals_4LinesCleared
	         $79c8 = SquareEffectInit_4LinesCleared
	         $79d0 = SquareEffectUpdate_4LinesCleared
	         $79e2 = SquareEffectUpdate_4LinesCleared.sound
	         $79e7 = SquareEffectUpdate_4LinesCleared.copyIntoAud1Regs
	         $79ea = IsSoundEffect_ReachedNextLevel
	         $79f0 = Aud1RegVals_ReachedNextLevel
	         $79f5 = SquareEffectInit_ReachedNextLevel
	         $7a01 = SquareEffectUpdate_ReachedNextLevel
	         $7a15 = SquareEffectUpdate_ReachedNextLevel.sound1
	         $7a1a = SquareEffectUpdate_ReachedNextLevel.copyIntoAud1Regs
	         $7a1d = Aud1RegValsInit_Non4LinesCleared
	         $7a22 = Aud1EnvData_Non4LinesCleared
	         $7a2d = Aud1FreqLoData_Non4LinesCleared
	         $7a37 = SquareEffectInit_Non4LinesCleared
	         $7a4b = SquareEffectUpdate_Non4LinesCleared
	         $7a69 = SetAud1EnvLowHighToEDB
	         $7a74 = Aud1RegValsInit_PieceMovedHoriz
	         $7a79 = SquareEffectInit_PieceMovedHoriz
	         $7a91 = Aud1RegValsInit_PieceRotated
	         $7a96 = SquareEffectInit_PieceRotated
	         $7aae = Aud4RegValsInit_PieceHitFloor
	         $7ab2 = NoiseEffectInit_PieceHitFloor
	         $7aba = Aud3RegValsInit_GameOver
	         $7abf = WavEffectInit_GameOver
	         $7ac0 = WavEffectUpdate_GameOver
	         $7ac1 = UpdateWavEffects
	         $7adc = WavEffectInit_After4LinesCleared
	         $7ae2 = WavEffectUpdate_After4LinesCleared
	         $7aec = ClearWavVarsAndRegs_ResumeMusic
	         $7b12 = ClearWavVarsAndRegs_ResumeMusic.isMusAType
	         $7b17 = Aud1RegValsInit_ConfirmOrLetterTyped
	         $7b2b = SquareEffectInit_ConfirmOrLetterTyped
	         $7b33 = SquareEffectUpdate_Common
	         $7b38 = ClearAud1RegsAndVars
	         $7b4c = NoiseEffectUpdate_Common
	         $7b51 = NoiseEffectUpdate_ClearNoise
	         $7b63 = InitWavEffect_pauseOtherChannels
	         $7b88 = InitWavEffect_pauseOtherChannels.copyToWavRam
	         $7b8c = SetInitialRegValuesHLForSoundEffect_UpdateDelayA
	         $7bac = CopyDefaultValsInHLIntoAud1Regs
	         $7bb3 = CopyDefaultValsInHLIntoAud2Regs
	         $7bba = CopyDefaultValsInHLIntoAud3Regs
	         $7bc1 = CopyDefaultValsInHLIntoAud4Regs
	         $7bc6 = CopyDefaultValsInHLIntoAudCRegs
	         $7bc6 = CopyDefaultValsInHLIntoAudCRegs.loop
	         $7bce = StoreOrigSoundEffectIdx_HLequAddressForSongData_tableHL_incEtwice
	         $7bd2 = HLequAddressForSongData_tableHL_incE
	         $7be1 = IncCounterInDE_retZifHitsThreshold
	         $7bec = IncCounterInDE_retZifHitsThreshold.done
	         $7bee = CopyFromHLintoWav3Ram
	         $7bf1 = CopyFromHLintoWav3Ram.loop
	         $7bfb = InitSound
	         $7c1d = ResetSoundHwRegs
	         $7c33 = UpdateSquareEffects
	         $7c4c = UpdateSquareEffects.effectsAllowed
	         $7c5f = UpdateSquareEffects.noSquareEffectToPlay
	         $7c6b = UpdateSquareEffects.done
	         $7c6c = UpdateNoiseEffects
	         $7c7f = UpdateNoiseEffects.noNoiseEffectToPlay
	         $7c8b = UpdateNoiseEffects.done
	         $7c8c = StoreWordInWordInHLintoDE
	         $7c97 = StoreWordInHLIintoDE
	         $7c9d = SetSongsInitialSoundChannelVars
	         $7cf4 = SetSongsInitialSoundChannelVars.loop
	         $7d07 = ProcessSoundByte9dh_SetParams.aud3
	         $7d07 = ProcessSoundByte9dh_SetParams
	         $7d13 = ProcessSoundByte9dh_SetParams.start
	         $7d3d = ProcessSoundByte9dh_SetParams.end
	         $7d43 = IncWordInHL
	         $7d49 = IncWordInHL.store
	         $7d4f = IncWordTwiceInHL
	         $7d58 = GetABInWordStoredInHL
	         $7d5f = UpdateMusic.thunk_toNextSndChannelFromStructIdx2
	         $7d5f = UpdateMusic
	         $7d62 = UpdateMusic.processCurrSoundByteEnvelope
	         $7d79 = UpdateMusic.passedWaveEnvelope
	         $7d8e = UpdateMusic.toNextSndChannelFromStructIdx2
	         $7d93 = UpdateMusic.setNextAddrInCurrSndChannelData
	         $7d9a = UpdateMusic.afterSpecialSoundByteAddress
	         $7dae = UpdateMusic.sndChannelAddrEquFFFFh
	         $7dc5 = UpdateMusic.stopCurrSong
	         $7dce = UpdateMusic.start
	         $7ddc = UpdateMusic.nextSoundChannel
	         $7de6 = UpdateMusic.afterSettingSoundDataAddress
	         $7de8 = UpdateMusic.processNextSoundByte
	         $7e15 = UpdateMusic.contSoundByte
	         $7e41 = UpdateMusic.soundByte01
	         $7e46 = UpdateMusic.getNoiseDataToWrite
	         $7e4e = UpdateMusic.noiseLoop
	         $7e5d = UpdateMusic.getNonNoiseDataToWrite
	         $7e77 = UpdateMusic.contWave
	         $7e82 = UpdateMusic.startWritingToSq2
	         $7e86 = UpdateMusic.startWritingToSq1
	         $7e8b = UpdateMusic.afterChoosingSndChannelBaseReg
	         $7e94 = UpdateMusic.after_hasWavRam
	         $7e97 = UpdateMusic.fromWav
	         $7ea0 = UpdateMusic.afterDisabledEnvelopeCheck
	         $7ebe = UpdateMusic.skippingHwRegWrites
	         $7ec3 = UpdateMusic.toNextSndChannel
	         $7ed4 = UpdateMusic.done
	         $7ee1 = UpdateMusic.hasWavRam
	         $7ee8 = GetEinDEplusBdiv2
	         $7ef1 = WriteToFrequencyRegsAdjustedWithEnvelope
	         $7f13 = WriteToFrequencyRegsAdjustedWithEnvelope.done
	         $7f15 = WriteToFrequencyRegsAdjustedWithEnvelope.sndChannels1to3
	         $7f2b = WriteToFrequencyRegsAdjustedWithEnvelope.lowNybble03
	         $7f30 = WriteToFrequencyRegsAdjustedWithEnvelope.lowNybble01
	         $7f3c = WriteToFrequencyRegsAdjustedWithEnvelope.afterEnvelopeNybbleInE
	         $7f49 = WriteToFrequencyRegsAdjustedWithEnvelope.getPositiveHighAdjust
	         $7f4b = WriteToFrequencyRegsAdjustedWithEnvelope.afterGettingEnvelopeAdjust
	         $7f4c = WriteToFrequencyRegsAdjustedWithEnvelope.end
	         $7f55 = FrequencyTable
	         $7f55 = NoiseStructBytes6toA
	         $7f55 = EnvelopeData
	         $7f69 = WavRam_Init_After4LinesCleared
	         $7f79 = WavRam_6ec9
	         $7f89 = DefaultWavRam
	EMPTY: $7f99-$7fef ($0057 bytes)
	SECTION: $7ff0-$7ff5 ($0006 bytes) ["Sound Thunk Funcs"]
	         $7ff0 = ThunkUpdateSound
	         $7ff3 = ThunkInitSound
	EMPTY: $7ff6-$7fff ($000a bytes)
	TOTAL EMPTY: $0061 bytes

WRAM0 bank #0:
	SECTION: $c000-$d95a ($195b bytes) ["WRAM"]
	         $c000 = wOam
	         $c0a0 = wOam.end
	         $c0a0 = wScoreBCD
	         $c0a3 = wRamBufferAddressesForCompletedRows
	         $c0ac = wLinesClearedStructs
	         $c0ac = wRamBufferAddressesForCompletedRows.end
	         $c0c0 = wNumDrops
	         $c0c2 = wDropsTotalRollingUp
	         $c0c5 = wNumScoreCategoriesProcessed
	         $c0c6 = wCurrScoreCategIsProcessingOrUpdating
	         $c0c7 = wScoreCategoryVarsEnd
	         $c0c7 = wCanPressDownToMakePieceFall
	         $c0c8 = wc0c8
	         $c0ce = wATypeJustAddedDropsToScore
	         $c0cf = wc0cf
	         $c0de = wNextPieceHidden
	         $c0df = wc0df
	         $c200 = wSpriteSpecs
	         $c300 = wDemoOrMultiplayerPieces
	         $c400 = wDarkSolidBlocksUnderRandomBlocks
	         $c400 = wDemoOrMultiplayerPieces.end
	         $c800 = wGameScreenBuffer
	         $cc00 = wcc00
	         $cc00 = wGameScreenBuffer.end
	         $cfff = wStackTop
	         $d000 = wFreeSpace001
	         $d001 = wBLastLinesRemaining
	         $d002 = wBTypeLinesToClear
	         $d003 = wBTypeLastLinesToClear
	         $d004 = wLastClearedNumberOfLines
	         $d005 = wLinesCap
	         $d006 = wLinesCapReached
	         $d007 = wLPiecesHi
	         $d008 = wLPiecesLo
	         $d009 = wJPiecesHi
	         $d00a = wJPiecesLo
	         $d00b = wIPiecesHi
	         $d00c = wIPiecesLo
	         $d00d = wOPiecesHi
	         $d00e = wOPiecesLo
	         $d00f = wZPiecesHi
	         $d010 = wZPiecesLo
	         $d011 = wSPiecesHi
	         $d012 = wSPiecesLo
	         $d013 = wTPiecesHi
	         $d014 = wTPiecesLo
	         $d015 = wPiecesList
	         $d055 = wPieceIndex
	         $d056 = wAbove99
	         $d057 = wPieceNumber
	         $d058 = wTimer0
	         $d059 = wTimer1
	         $d05a = wTimer2
	         $d05b = wTimer3
	         $d05c = wDrawLoop
	         $d05d = wGravity
	         $d05e = wCurrentMillionDigitScore
	         $d05f = wCurrentTousandsDigitScore
	         $d060 = wCurrentHundredsDigitScore
	         $d061 = wCurrentTensDigitScore
	         $d062 = wCurrentPauseCounter
	         $d063 = wCurrentIsZenMode
	         $d064 = wCurrentIsMasterMode
	         $d065 = wCurrentIsExtendedMode
	         $d066 = wCurrentLinesCap
	         $d067 = wCurrentLinesCapReached
	         $d068 = wCurrentIsSeed
	         $d069 = wCurrentIsHeartMode
	         $d06a = wCurrentStartLevel
	         $d06b = wCurrentEndLevel
	         $d06c = wCurrentThousandLines
	         $d06d = wCurrentTensLines
	         $d06e = wFirstMillionDigitScore
	         $d06f = wFirstTousandsDigitScore
	         $d070 = wFirstHundredsDigitScore
	         $d071 = wFirstTensDigitScore
	         $d072 = wFirstPauseCounter
	         $d073 = wFirstIsZenMode
	         $d074 = wFirstIsMasterMode
	         $d075 = wFirstIsExtendedMode
	         $d076 = wFirstLinesCap
	         $d077 = wFirstLinesCapReached
	         $d078 = wFirstIsSeed
	         $d079 = wFirstIsHeartMode
	         $d07a = wFirstStartLevel
	         $d07b = wFirstEndLevel
	         $d07c = wFirstThousandLines
	         $d07d = wFirstTensLines
	         $d07e = wSecondMillionDigitScore
	         $d07f = wSecondTousandsDigitScore
	         $d080 = wSecondHundredsDigitScore
	         $d081 = wSecondTensDigitScore
	         $d082 = wSecondPauseCounter
	         $d083 = wSecondIsZenMode
	         $d084 = wSecondIsMasterMode
	         $d085 = wSecondIsExtendedMode
	         $d086 = wSecondLinesCap
	         $d087 = wSecondLinesCapReached
	         $d088 = wSecondIsSeed
	         $d089 = wSecondIsHeartMode
	         $d08a = wSecondStartLevel
	         $d08b = wSecondEndLevel
	         $d08c = wSecondThousandLines
	         $d08d = wSecondTensLines
	         $d08e = wThirdMillionDigitScore
	         $d08f = wThirdTousandsDigitScore
	         $d090 = wThirdHundredsDigitScore
	         $d091 = wThirdTensDigitScore
	         $d092 = wThirdPauseCounter
	         $d093 = wThirdIsZenMode
	         $d094 = wThirdIsMasterMode
	         $d095 = wThirdIsExtendedMode
	         $d096 = wThirdLinesCap
	         $d097 = wThirdLinesCapReached
	         $d098 = wThirdIsSeed
	         $d099 = wThirdIsHeartMode
	         $d09a = wThirdStartLevel
	         $d09b = wThirdEndLevel
	         $d09c = wThirdThousandLines
	         $d09d = wThirdTensLines
	         $d09e = wFirstLeaderboardValid
	         $d09f = wSecondLeaderboardValid
	         $d0a0 = wThirdLeaderboardValid
	         $d0a1 = wGameJustEnded
	         $d0a2 = wFreshLeaderboardRank
	         $d0a3 = wNumberOfSingles
	         $d0a4 = wNumberOfDoubles
	         $d0a5 = wNumberOfTriples
	         $d0a6 = wNumberOfQuads
	         $d0a7 = wPushDownLo
	         $d0a8 = wPushDownHi
	         $d0a9 = wCanHideScore
	         $d0aa = wHideScore
	         $d0ab = wJingleToPlay
	         $d0ac = wGameOverMusicLoop
	         $d0ac = wPostGameMusicLastRow
	         $d0ad = wPostGameMusicLastOrder
	         $d0ae = wMainMusic
	         $d0af = wMusicIsOn
	         $d0b0 = wd762
	         $d8be = wCurrSoundChannelBeingProcessed
	         $d8bf = wOrigSoundEffectIdx
	         $d8bf = wUnusedShadowAudLen
	         $d8c0 = wdf72
	         $d8c3 = wAudTermCounterUntilChangingOutput
	         $d8c4 = wAudTermCounterValueToHitToChangeOutput
	         $d8c5 = wAudTermSelectedOutputVal
	         $d8c6 = wAudTermSongsSpec
	         $d8c7 = wAudTermOutputValue1
	         $d8c8 = wAudTermOutputValue2
	         $d8c9 = wdf7b
	         $d8cc = wGamePausedSoundTimer
	         $d8cd = wGamePausedActivity
	         $d8ce = wNumberOfRollovers
	         $d8cf = wSongTempoAddr
	         $d8d1 = wdf83
	         $d8de = wAudStructs
	         $d8de = wAud1Struct
	         $d8ee = wAud2Struct
	         $d8fe = wAud3Struct
	         $d90e = wAud4Struct
	         $d91e = wdfd0
	         $d92e = wSquareSoundToPlay
	         $d92f = wSquareEffectBeingPlayed
	         $d930 = wSquareEffectFrameCounter
	         $d931 = wSquareEffectFrameCounterThreshold
	         $d932 = wSquareEffectMiscCounter
	         $d933 = wdfe5
	         $d936 = wSongToStart
	         $d937 = wSongBeingPlayed
	         $d938 = wdfea
	         $d93e = wWavSoundToPlay
	         $d93f = wWavEffectBeingPlayed
	         $d940 = wWavEffectFrameCounter
	         $d941 = wWavEffectFrameCounterThreshold
	         $d942 = wWavEffectMiscCounter
	         $d943 = wWavEffectRandomVal
	         $d943 = wWavEffectShouldIncOrDec
	         $d944 = wWavEffectCurrLoVal
	         $d945 = wdff7
	         $d946 = wNoiseSoundToPlay
	         $d947 = wNoiseEffectBeingPlayed
	         $d948 = wNoiseEffectFrameCounter
	         $d949 = wNoiseEffectFrameCounterThreshold
	         $d94a = wNoiseEffectMiscCounter
	         $d94b = wAMenuChosen
	         $d94c = wLFSRTop
	         $d94d = wLFSRHi
	         $d94e = wLFSRLo
	         $d94f = wInitialLFSRTop
	         $d950 = wInitialLFSRHi
	         $d951 = wInitialLFSRLo
	         $d952 = wPlayerName
	         $d959 = wPlayerNameCursor
	         $d95a = wPlayerNameInitialized
	SECTION: $d95b-$d9be ($0064 bytes) ["Playback variables"]
	         $d95b = order_cnt
	         $d95c = order1
	         $d95c = _start_song_descriptor_pointers
	         $d95e = order2
	         $d960 = order3
	         $d962 = order4
	         $d964 = duty_instruments
	         $d966 = wave_instruments
	         $d968 = noise_instruments
	         $d96a = routines
	         $d96c = waves
	         $d96e = pattern1
	         $d96e = _end_song_descriptor_pointers
	         $d970 = pattern2
	         $d972 = pattern3
	         $d974 = pattern4
	         $d976 = ticks_per_row
	         $d977 = current_wave
	         $d977 = _hUGE_current_wave
	         $d977 = hUGE_current_wave
	         $d978 = start_zero
	         $d978 = mute_channels
	         $d978 = _hUGE_mute_mask
	         $d979 = counter
	         $d97a = tick
	         $d97b = row_break
	         $d97c = next_order
	         $d97d = row
	         $d97e = current_order
	         $d97f = channels
	         $d97f = channel_period1
	         $d97f = channel1
	         $d981 = toneporta_target1
	         $d983 = channel_note1
	         $d984 = highmask1
	         $d985 = vibrato_tremolo_phase1
	         $d986 = envelope1
	         $d987 = table1
	         $d989 = table_row1
	         $d98f = channel_period2
	         $d98f = channel2
	         $d991 = toneporta_target2
	         $d993 = channel_note2
	         $d994 = highmask2
	         $d995 = vibrato_tremolo_phase2
	         $d996 = envelope2
	         $d997 = table2
	         $d999 = table_row2
	         $d99f = channel_period3
	         $d99f = channel3
	         $d9a1 = toneporta_target3
	         $d9a3 = channel_note3
	         $d9a4 = highmask3
	         $d9a5 = vibrato_tremolo_phase3
	         $d9a6 = envelope3
	         $d9a7 = table3
	         $d9a9 = table_row3
	         $d9af = channel_period4
	         $d9af = channel4
	         $d9b1 = toneporta_target4
	         $d9b3 = channel_note4
	         $d9b4 = highmask4
	         $d9b5 = step_width4
	         $d9b6 = vibrato_tremolo_phase4
	         $d9b7 = envelope4
	         $d9b8 = table4
	         $d9ba = table_row4
	         $d9bf = end_zero
	EMPTY: $d9bf-$dfff ($0641 bytes)
	TOTAL EMPTY: $0641 bytes

HRAM bank #0:
	SECTION: $ff80-$fffe ($007f bytes) ["HRAM"]
	         $ff80 = hButtonsHeld
	         $ff81 = hButtonsPressed
	         $ff82 = hff82
	         $ff85 = hVBlankInterruptFinished
	         $ff86 = hCurrSpriteSpecStruct
	         $ff87 = hCurrSpriteSpecBaseY
	         $ff88 = hCurrSpriteSpecBaseX
	         $ff89 = hCurrSpriteSpecIdx
	         $ff89 = hCurrSpriteTileIndex
	         $ff8a = hUnusedFF8A
	         $ff8b = hCurrSpecEntireSpecYXFlipped
	         $ff8c = hCurrSpecBaseXFlip
	         $ff8d = hCurr_wOam_SpriteAddr
	         $ff8f = hNumSpriteSpecs
	         $ff90 = hCurrSpriteSpecBaseYOffset
	         $ff91 = hCurrSpriteSpecBaseXOffset
	         $ff92 = hCurrSpriteX
	         $ff93 = hCurrSpriteY
	         $ff94 = hCurrSpriteXFlipWithinCurrSpec
	         $ff95 = hShouldHideCurrSprite
	         $ff96 = hSpriteSpecSrcAddr
	         $ff98 = hPieceFallingState
	         $ff99 = hNumFramesUntilCurrPieceMovesDown
	         $ff9a = hNumFramesUntilPiecesMoveDown
	         $ff9b = hPieceCollisionDetected
	         $ff9c = hTetrisFlashCount
	         $ff9d = hff9d
	         $ff9e = hNumLinesCompletedBCD
	         $ffa0 = hRandomSquareObstacleTileChosen
	         $ffa0 = hMarioLuigiFaceTopLeftTileIdx
	         $ffa0 = hPreHorizMovementSpecIdx
	         $ffa0 = hNumCompletedTetrisRows
	         $ffa0 = hPreRotationSpecIdx
	         $ffa1 = hTempIE
	         $ffa2 = hffa2
	         $ffa4 = hTwoPlayerHigh
	         $ffa5 = hTwoPlayerLevelSprite
	         $ffa6 = hTimers
	         $ffa6 = hTimer1
	         $ffa7 = hTimer2
	         $ffa8 = hffa8
	         $ffa8 = hTimerEnd
	         $ffa9 = hATypeLinesThresholdToPassForNextLevel
	         $ffaa = hStickyButtonCounter
	         $ffab = hGamePaused
	         $ffac = w2PlayerHighSelected_1
	         $ffad = w2PlayerHighSelected_2
	         $ffae = hHiddenLoadedPiece
	         $ffaf = h2PlayerAddressOfNextPiece
	         $ffaf = hffaf
	         $ffb0 = hLowByteOfCurrDemoStepAddress
	         $ffb1 = hNumRowsUpOurTetrisPiecesAre
	         $ffb2 = hCurrPieceSquarePixelY
	         $ffb3 = hCurrPieceSquarePixelX
	         $ffb4 = hCurrPieceSquareScreen0Addr
	         $ffb6 = hOamDmaFunction
	         $ffc0 = hGameType
	         $ffc1 = hMusicType
	         $ffc2 = hLevel
	         $ffc3 = hEndLevel
	         $ffc4 = hBTypeHigh
	         $ffc5 = hIs2Player
	         $ffc6 = h5GamesFinishedTimer
	         $ffc6 = hTimerMultiplier
	         $ffc6 = hTypedLetterCounter
	         $ffc7 = hMustEnterHighScore
	         $ffc8 = hReversedHighScoreRanking
	         $ffc9 = hTypedTextCharLoc
	         $ffcb = hMultiplayerPlayerRole
	         $ffcc = hSerialInterruptHandled
	         $ffcd = hSerialInterruptFunc
	         $ffce = hMasterShouldSerialTransferInVBlank
	         $ffcf = hNextSerialByteToLoad
	         $ffd0 = hSerialByteRead
	         $ffd1 = hOppositeSerialByteToWinningLosingState
	         $ffd2 = h2toThePowerOf_OtherPlayersLinesClearedMinus1
	         $ffd3 = hOtherPlayersMultiplierToProcess
	         $ffd4 = hCurrPlayersRowsShiftedUpDueToOtherPlayer
	         $ffd5 = hCurrPlayerJustFinishedRequiredLines
	         $ffd6 = h2PlayerGameFinished
	         $ffd7 = hNumWinningGames
	         $ffd8 = hNumLosingGames
	         $ffd9 = hSelfIsAdvantage
	         $ffda = hOtherIsAdvantage
	         $ffdb = hIsDeuce
	         $ffdc = h2toThePowerOf_LinesClearedMinus1
	         $ffdd = hffdd
	         $ffe0 = hFoundDisplayableScoreDigit
	         $ffe1 = hGameState
	         $ffe2 = hVBlankInterruptCounter
	         $ffe3 = hRowsShiftingDownState
	         $ffe4 = hPrevOrCurrDemoPlayed
	         $ffe5 = hNumTimesHoldingDownEvery3Frames
	         $ffe6 = hLowByteOfVramDestForLevelNum
	         $ffe7 = hffe7
	         $ffe8 = hJustSetHighScoreAndCopiedToRamBuffer
	         $ffe9 = hTwoPlayerMasterLevel
	         $ffea = hTwoPlayerSlaveLevel
	         $ffeb = hAddressOfDemoInput
	         $ffed = hIsExtendedMode
	         $ffee = hActualUserButtonsHeldDuringDemo
	         $ffef = hWonOrLostAtTheSameTimeAsOtherPlayer
	         $fff0 = hPassiveShouldUpdateMusicOamAndPlaySong
	         $fff1 = hPausedNextSerialByteToLoad
	         $fff2 = hPausedSerialByteRead
	         $fff3 = hATypeRocketSpecIdx
	         $fff4 = hIsHardMode
	         $fff5 = hfff5
	         $fffb = h1stHighScoreHighestByteForLevel
	         $fffb = hIsPieceStuckOnTopRow
	         $fffc = hPrevHiddenPiece
	         $fffd = hIsZenMode
	         $fffe = hIsMasterMode
	TOTAL EMPTY: $0000 bytes
