ROM0 bank #0:
	SECTION: $0000-$0027 ($0028 bytes) ["ROM Bank $000"]
	         $0000 = RST_00
	         $0008 = RST_08
	SECTION: $0028-$0103 ($00dc bytes) ["RST $28"]
	         $0028 = JumpTable
	         $0040 = VBlankInterrupt
	         $0048 = LCDCInterrupt
	         $0050 = TimerOverflowInterrupt
	         $0100 = Boot
	EMPTY: $0104-$0133 ($0030 bytes)
	SECTION: $0134-$014b ($0018 bytes) ["Header"]
	         $0134 = HeaderTitle
	         $0143 = HeaderNewLicenseeCode
	         $0145 = HeaderSGBFlag
	         $0146 = HeaderCartridgeType
	         $0147 = HeaderROMSize
	         $0148 = HeaderRAMSize
	         $0149 = HeaderDestinationCode
	         $014a = HeaderOldLicenseeCode
	         $014b = HeaderMaskROMVersion
	EMPTY: $014c-$014f ($0004 bytes)
	SECTION: $0150-$1741 ($15f2 bytes) ["Begin"]
	         $0150 = Begin
	         $0153 = AddScoreValueDEontoBaseScoreHL
	         $016b = VBlankInterruptHandler
	         $01ce = VBlankInterruptHandler.end
	         $01df = Begin2
	         $01e7 = Begin2.clear2ndWram
	         $01ee = Reset
	         $0206 = Reset.waitUntilVBlank
	         $0233 = Reset.clearLastPage
	         $023e = Reset.clear1stWram
	         $024d = Reset.clearVram
	         $0259 = Reset.clearOam
	         $0262 = Reset.clearHram
	         $026d = Reset.copyOamDmaFunc
	         $028f = MainLoop
	         $029d = MainLoop.nextTimer
	         $02a2 = MainLoop.toNextTimer
	         $02aa = MainLoop.waitUntilVBlankIntDone
	         $02b5 = ProcessGameState
	         $02d2 = GameState_TitleScreenInit
	         $02f4 = GameState_TitleScreenInit.clearScreenBuffer
	         $030f = GameState_TitleScreenInit.displayBlackRow
	         $033b = GameState_TitleScreenMain
	         $033b = GameState_TitleScreenMain.checkButtonsPressed
	         $033b = GameState_TitleScreenMain.afterTimerCheck
	         $034a = GameState_TitleScreenMain.pressedUp
	         $035e = GameState_TitleScreenMain.pressedDown
	         $0370 = GameState_TitleScreenMain.skipPresses
	         $0377 = GameState_TitleScreenMain.startOrAPressed
	         $037f = GameState_TitleScreenMain.setGameState
	         $0387 = GameState_TitleScreenMain.is1Player
	         $0389 = GameState_TitleScreenMain.flipNumPlayersOption
	         $038b = GameState_TitleScreenMain.setNumPlayersOpt
	         $0394 = GameState_TitleScreenMain.setCursorX
	         $0398 = GameState_TitleScreenMain.pressedRight
	         $039d = GameState_TitleScreenMain.pressedLeft
	         $039f = GameState_TitleScreenMain.multiplayerInvalid
	         $03a2 = Stub_148c
	         $03a3 = GameState_ATypeSelectionInit
	         $03c8 = GameState_ATypeSelectionInit.skipSetHeart
	         $03f5 = GameState_ATypeSelectionInit.setGameStateToEnterHighScore
	         $03f7 = GameState_ATypeSelectionInit.setGameState
	         $03fa = GameState_ATypeSelectionMain
	         $042a = GameState_ATypeSelectionMain.pressedSelect
	         $0446 = GameState_ATypeSelectionMain.notHeartMode
	         $044e = GameState_ATypeSelectionMain.skipHeartMode
	         $044f = GameState_ATypeSelectionMain.pressedRight
	         $0454 = GameState_ATypeSelectionMain.setNewLevel
	         $0461 = GameState_ATypeSelectionMain.sendSpritesToOam
	         $0465 = GameState_ATypeSelectionMain.pressedLeft
	         $046b = GameState_ATypeSelectionMain.pressedUp
	         $0473 = ATypeLevelsCoords
	         $0487 = ATypeLevelsCoords.setEnterHiScore
	         $048c = GameState_setGameStateMakeSpriteVisible
	         $0491 = UnusedNop_174d
	         $0492 = PlayMovingSound_SetNumberSpecStructsCoordsAndSpecIdxFromHLtable
	         $0499 = SetNumberSpecStructsCoordsAndSpecIdxFromHLtable
	         $04aa = GetButtonsPressedB_AlternateSpriteSpecBetweenShownAndHidden
	         $04ba = CopyCSpriteSpecStructsFromDEtoHL
	         $04ba = CopyCSpriteSpecStructsFromDEtoHL.nextSpriteSpec
	         $04bd = CopyCSpriteSpecStructsFromDEtoHL.loop
	         $04ce = Clear_wOam
	         $04d4 = Clear_wOam.loop
	         $04d9 = DisplayATypeHighScoresForLevel
	         $04e4 = DisplayATypeHighScoresForLevel.decA
	         $04eb = DisplayATypeHighScoresForLevel.afterHiScoreAddrForLevel
	         $04f3 = DisplayATypeHighScoresForLevel.afterHiScoreAddrForLevelAndHigh
	         $04fb = CopyHighScoreValueToRamBuffer
	         $04fd = CopyHighScoreValueToRamBuffer.nextByteToCheckIfEmpty
	         $050d = CopyHighScoreValueToRamBuffer.hasTens
	         $0517 = CopyHighScoreValueToRamBuffer.storeDigits
	         $051d = CopyHLtoDEbackwards_3bytes
	         $051f = CopyHLtoDEbackwards_Bbytes.loop
	         $051f = CopyHLtoDEbackwards_Bbytes
	         $0526 = SetNewHighScoreIfAchieved_SendNameAndScoreToRamBuffer
	         $052e = SetNewHighScoreIfAchieved_SendNameAndScoreToRamBuffer.nextHiScore
	         $0534 = SetNewHighScoreIfAchieved_SendNameAndScoreToRamBuffer.nextScoreByteToCompare
	         $053f = SetNewHighScoreIfAchieved_SendNameAndScoreToRamBuffer.toNextHiScore
	         $0548 = SetNewHighScoreIfAchieved_SendNameAndScoreToRamBuffer.currScoreHigherThanAHighScore
	         $055a = SetNewHighScoreIfAchieved_SendNameAndScoreToRamBuffer.shiftLowerScoresDown
	         $0562 = SetNewHighScoreIfAchieved_SendNameAndScoreToRamBuffer.setCurrHighScore
	         $0567 = SetNewHighScoreIfAchieved_SendNameAndScoreToRamBuffer.setCurrLoop
	         $057e = SetNewHighScoreIfAchieved_SendNameAndScoreToRamBuffer.shiftLowerNamesDown
	         $0588 = SetNewHighScoreIfAchieved_SendNameAndScoreToRamBuffer.setCurrName
	         $058c = SetNewHighScoreIfAchieved_SendNameAndScoreToRamBuffer.copyDottedName
	         $05a3 = SetNewHighScoreIfAchieved_SendNameAndScoreToRamBuffer.afterNoHighScore
	         $05ae = SetNewHighScoreIfAchieved_SendNameAndScoreToRamBuffer.displayNextScore
	         $05cd = SetNewHighScoreIfAchieved_SendNameAndScoreToRamBuffer.displayNextName
	         $05d0 = SetNewHighScoreIfAchieved_SendNameAndScoreToRamBuffer.nextNameChar
	         $05d9 = SetNewHighScoreIfAchieved_SendNameAndScoreToRamBuffer.toNextName
	         $05ed = DisplayHighScoresAndNamesForLevel
	         $05f9 = DisplayHighScoresAndNamesForLevel.nextHighScore
	         $05fa = DisplayHighScoresAndNamesForLevel.next6chars
	         $05fc = DisplayHighScoresAndNamesForLevel.copyName
	         $061a = DisplayHighScoresAndNamesForLevel.end
	         $061f = DisplayDottedLinesForHighScore
	         $0629 = DisplayDottedLinesForHighScore.nextRow
	         $062c = DisplayDottedLinesForHighScore.nextCol
	         $0636 = GameState_EnteringHighScore
	         $063e = GameState_EnteringHighScore.decA
	         $0644 = GameState_EnteringHighScore.afterRamDestAddrForScore
	         $0664 = GameState_EnteringHighScore.setTile
	         $0667 = GameState_EnteringHighScore.afterTimerCheck
	         $068b = GameState_EnteringHighScore.done
	         $0697 = GameState_EnteringHighScore.upHeld
	         $069f = GameState_EnteringHighScore.upPressed
	         $06aa = GameState_EnteringHighScore.afterUpHardModeCheck
	         $06b0 = GameState_EnteringHighScore.incChar
	         $06b1 = GameState_EnteringHighScore.setChar
	         $06b8 = GameState_EnteringHighScore.notUpLastChar
	         $06c0 = GameState_EnteringHighScore.downHeld
	         $06c8 = GameState_EnteringHighScore.downPressed
	         $06d3 = GameState_EnteringHighScore.afterDownHardModeCheck
	         $06da = GameState_EnteringHighScore.decChar
	         $06dd = GameState_EnteringHighScore.notDownLastChar
	         $06e4 = GameState_EnteringHighScore.aPressed
	         $06ff = GameState_EnteringHighScore.setNextCharLoc
	         $0706 = GameState_EnteringHighScore.bPressed
	         $0716 = turnMusicOn
	         $0736 = turnMusicOff
	         $0756 = DecBCD
	         $0763 = DecBCD.notZeroLow
	         $0766 = StoreAinHLwhenLCDFree
	         $0767 = StoreBinHLwhenLCDFree
	         $0767 = StoreBinHLwhenLCDFree.waitUntilVramAndOamFree
	         $076f = GameState_InGameInit
	         $07b1 = GameState_InGameInit.afterGameTypeCheck
	         $07d2 = GameState_InGameInit.afterHardModeCheck
	         $07e8 = GameState_InGameInit.setNumLinesCompleted
	         $07f1 = GameState_InGameInit.setFramesUntilPieceMovesDown
	         $07ff = GameState_InGameInit.afterPieceHiddenCheck
	         $080e = GameState_InGameInit.end
	         $0816 = SetNumFramesUntilPiecesMoveDown
	         $0827 = SetNumFramesUntilPiecesMoveDown.getIndexInDE
	         $0828 = SetNumFramesUntilPiecesMoveDown.setTopSpeedForPieces
	         $0834 = SetNumFramesUntilPiecesMoveDown.framesData
	         $0849 = GameState_InGameMain
	         $085c = GameState_GameOverInit
	         $0889 = GameState_LevelEndedMain
	         $089e = GameState_LevelEndedMain.checkCurrentFlagState
	         $08a8 = GameState_LevelEndedMain.drawFlagStateOne
	         $08b6 = GameState_LevelEndedMain.skipResetTimer
	         $08db = GameState_LevelEndedMain.drawFlagStateTwo
	         $08ff = GameState_LevelEndedMain.drawFlagStateThree
	         $091f = GameState_LevelEndedMain.skipFlag
	         $092c = GameState_LevelEndedMain.checkCurrentViolinistState
	         $0945 = GameState_LevelEndedMain.violinistStateTwo
	         $0951 = GameState_LevelEndedMain.skipViolinist
	         $095e = GameState_LevelEndedMain.checkCurrentDrummerState
	         $097f = GameState_LevelEndedMain.drummerStateTwo
	         $0996 = GameState_LevelEndedMain.skipDrummer
	         $09a3 = GameState_LevelEndedMain.checkCurrentWavingWomanState
	         $09c4 = GameState_LevelEndedMain.wavingWomanStateTwo
	         $09d9 = GameState_LevelEndedMain.skipWavingWoman
	         $09e6 = GameState_LevelEndedMain.checkCurrentFlutePlayerState
	         $09ff = GameState_LevelEndedMain.flutePlayerStateTwo
	         $0a0c = GameState_LevelEndedMain.skipAnimations
	         $0a0c = GameState_LevelEndedMain.skipFlutePlayer
	         $0a21 = GameState_LevelEndedMain.skipMusic
	         $0a2a = GameState_LevelEndedMain.aOrStartPressed
	         $0a35 = GameState_GameOverScreenClearing
	         $0a73 = GameState_GameOverScreenClearing.removeFlutePlayer
	         $0a7b = GameState_GameOverScreenClearing.removeViolinist
	         $0a89 = GameState_GameOverScreenClearing.removeDrummer
	         $0a99 = GameState_GameOverScreenClearing.ggScreeen
	         $0aa5 = GameState_GameOverScreenClearing.skipGameOverScreens
	         $0aaa = CopyGameScreenInnerText.nextRow
	         $0aaa = CopyGameScreenInnerText
	         $0aad = CopyGameScreenInnerText.nextCol
	         $0abe = AddOnCompletedLinesScore
	         $0aeb = AddOnCompletedLinesScore.afterChoosingScoreCateg
	         $0af1 = AddOnCompletedLinesScore.loop
	         $0aff = FillGameScreenBufferWithTileAandSetToVramTransfer
	         $0b05 = FillGameScreenBufferWithTileA
	         $0b0d = FillGameScreenBufferWithTileA.nextRow
	         $0b10 = FillGameScreenBufferWithTileA.nextCol
	         $0b1a = FillBottom2RowsOfTileMapWithEmptyTile
	         $0b24 = FillBottom2RowsOfTileMapWithEmptyTile.nextRow
	         $0b26 = FillBottom2RowsOfTileMapWithEmptyTile.nextCol
	         $0b2f = PlayNextPieceLoadNextAndHiddenPiece
	         $0b44 = PlayNextPieceLoadNextAndHiddenPiece.upToDIV
	         $0b47 = PlayNextPieceLoadNextAndHiddenPiece.xorAloop
	         $0b48 = PlayNextPieceLoadNextAndHiddenPiece.nextB
	         $0b55 = PlayNextPieceLoadNextAndHiddenPiece.bEqu0
	         $0b63 = PlayNextPieceLoadNextAndHiddenPiece.hDone
	         $0b66 = PlayNextPieceLoadNextAndHiddenPiece.skipDIV
	         $0b72 = InGameHandlePieceFalling.holdingDown
	         $0b72 = InGameHandlePieceFalling
	         $0b84 = InGameHandlePieceFalling.afterCheckingIfPressedDown
	         $0b9d = InGameHandlePieceFalling.kSpeed
	         $0b9f = InGameHandlePieceFalling.skipKSpeed
	         $0ba7 = InGameHandlePieceFalling.start
	         $0baf = InGameHandlePieceFalling.afterPressedDown
	         $0bbc = InGameHandlePieceFalling.sendActivePieceToOam
	         $0bc0 = InGameHandlePieceFalling.currScoreEqu0
	         $0bcd = InGameHandlePieceFalling.afterIncTimesHoldingDownForPiece
	         $0bf6 = InGameHandlePieceFalling.clearTimesHoldingDown
	         $0bf9 = InGameHandlePieceFalling.fromNotHoldingDown
	         $0c1a = InGameHandlePieceFalling.skipGameOver
	         $0c1c = InGameHandlePieceFalling.isAType
	         $0c1d = InGameHandlePieceFalling.keepAdding
	         $0c24 = InGameHandlePieceFalling.addDropsToScore
	         $0c34 = InGameCheckIfAnyTetrisRowsComplete
	         $0c49 = InGameCheckIfAnyTetrisRowsComplete.nextRow
	         $0c4c = InGameCheckIfAnyTetrisRowsComplete.nextCol
	         $0c61 = InGameCheckIfAnyTetrisRowsComplete.toNextRow
	         $0c8b = InGameCheckIfAnyTetrisRowsComplete.afterGameTypeNumLinesProcessing
	         $0cb2 = InGameCheckIfAnyTetrisRowsComplete.end
	         $0cb8 = InGameCheckIfAnyTetrisRowsComplete.emptyTileFoundInRow
	         $0cbb = InGameCheckIfAnyTetrisRowsComplete.clearNumLinesCompleted
	         $0cc0 = FlashCompletedTetrisRows
	         $0cd6 = FlashCompletedTetrisRows.upperOuterLoop
	         $0ce6 = FlashCompletedTetrisRows.flashRow
	         $0ce8 = FlashCompletedTetrisRows.flashRowLoop
	         $0cf1 = FlashCompletedTetrisRows.incFlashCount
	         $0cff = FlashCompletedTetrisRows.flashed7times
	         $0d0a = FlashCompletedTetrisRows.finishedHandlingPieceFalling
	         $0d0e = FlashCompletedTetrisRows.flashRowsWithOrigTile
	         $0d18 = FlashCompletedTetrisRows.origTileCopyLoop
	         $0d28 = FlashCompletedTetrisRows.doneWithFallingPiecePlayNextPiece
	         $0d2d = ShiftEntireGameRamBufferDownARow
	         $0d3a = ShiftEntireGameRamBufferDownARow.nextCompletedRow
	         $0d45 = ShiftEntireGameRamBufferDownARow.nextRow
	         $0d48 = ShiftEntireGameRamBufferDownARow.rowShiftCopy
	         $0d67 = ShiftEntireGameRamBufferDownARow.clearTopRow
	         $0d73 = ClearPointersToCompletedTetrisRows
	         $0d79 = ClearPointersToCompletedTetrisRows.loop
	         $0d7e = CopyRamBufferRow17ToVram
	         $0d8d = CopyRamBufferRow16ToVram
	         $0d9c = CopyRamBufferRow15ToVram
	         $0dab = CopyRamBufferRow14ToVram
	         $0dba = CopyRamBufferRow13ToVram
	         $0dc9 = CopyRamBufferRow12ToVram
	         $0dd8 = CopyRamBufferRow11ToVram
	         $0dea = CopyRamBufferRow11ToVram.loop
	         $0df3 = CopyRamBufferRow10ToVram
	         $0e02 = CopyRamBufferRow9ToVram
	         $0e11 = CopyRamBufferRow8ToVram
	         $0e20 = CopyRamBufferRow7ToVram
	         $0e2f = CopyRamBufferRow6ToVram
	         $0e3e = CopyRamBufferRow5ToVram
	         $0e4d = CopyRamBufferRow4ToVram
	         $0e5c = CopyRamBufferRow3ToVram
	         $0e6e = CopyRamBufferRow2ToVram
	         $0e87 = CopyRamBufferRow1ToVram
	         $0e9c = CopyRamBufferRow0ToVram
	         $0eb4 = CopyRamBufferRow0ToVram.getLinesToDisplay
	         $0ebc = CopyRamBufferRow0ToVram.displayLines
	         $0ec1 = CopyRamBufferRow0ToVram.setGameState
	         $0ec1 = CopyRamBufferRow0ToVram.is1playerEnd
	         $0ec4 = CopyRamBufferRow0ToVram.playNextPiece
	         $0ec8 = DisplayGameATypeScoreIfInGameAndForced
	         $0ed3 = CheckIfATypeNextLevelReached
	         $0f01 = CheckIfATypeNextLevelReached.nextDigit
	         $0f17 = CheckIfATypeNextLevelReached.afterSendingNewLevelToVram
	         $0f20 = ABisBCDofValInHL
	         $0f25 = ABisBCDofValInHL.loop
	         $0f2d = ABisBCDofValInHL.copyAtoB
	         $0f2f = CopyRamBufferRowToVram
	         $0f31 = CopyRamBufferRowToVram.loop
	         $0f3e = InGameCheckButtonsPressed
	         $0f4d = InGameCheckButtonsPressed.skipCollisionCheck
	         $0f5a = InGameCheckButtonsPressed.skipTimerFinishedCheck
	         $0f7c = InGameCheckButtonsPressed.decSeconds
	         $0f83 = InGameCheckButtonsPressed.decFrames
	         $0f8a = InGameCheckButtonsPressed.countingDone
	         $0fce = InGameCheckButtonsPressed.notTimeUp
	         $0fe0 = InGameCheckButtonsPressed.notLastFive
	         $0fe5 = InGameCheckButtonsPressed.checkFrames
	         $0ff6 = InGameCheckButtonsPressed.skipTimer
	         $101a = InGameCheckButtonsPressed.assignLevelMIfNot
	         $102d = InGameCheckButtonsPressed.postponeGameOver
	         $104c = InGameCheckButtonsPressed.pressedAAnimation0
	         $1052 = InGameCheckButtonsPressed.pressedB
	         $105c = InGameCheckButtonsPressed.pressedBAnimation3
	         $1060 = InGameCheckButtonsPressed.afterRotation
	         $107b = InGameCheckButtonsPressed.afterCollisionCheck
	         $1099 = InGameCheckButtonsPressed.pressedRight
	         $10ac = InGameCheckButtonsPressed.afterHorizCollisionCheck
	         $10bb = InGameCheckButtonsPressed.notHeldLeft
	         $10be = InGameCheckButtonsPressed.notHeldRight
	         $10d0 = InGameCheckButtonsPressed.pressedLeft
	         $10e5 = RetZIfNoCollisionForPiece
	         $10ea = RetZIfNoCollisionForPiece.nextSprite
	         $1108 = RetZIfNoCollisionForPiece.fromXis0
	         $110c = RetZIfNoCollisionForPiece.notEmpty
	         $1113 = InGameAddPieceToVram
	         $111d = InGameAddPieceToVram.nextSquareOfPiece
	         $112f = InGameAddPieceToVram.waitUntilVramAndOamFree
	         $1141 = InGameAddPieceToVram.nextState
	         $114b = ClearScoreCategoryVarsAndTotalScore
	         $1151 = ClearScoreCategoryVarsAndTotalScore.clearStructs
	         $115a = ClearScoreCategoryVarsAndTotalScore.clearScore
	         $115f = UnusedStoreBCDByteInHLInDestDE
	         $116b = Copy2SpriteSpecsToShadowOam
	         $116d = CopyASpriteSpecsToShadowOam
	         $117d = Copy1stSpriteSpecToSprite4
	         $1190 = Copy2ndSpriteSpecToSprite8
	         $11a3 = DisplayBlackColumnFromHLdown
	         $11aa = DisplayBlackColumnFromHLdown.loop
	         $11b0 = CopyDEintoHLwhileFFhNotFound
	         $11b0 = CopyDEintoHLwhileFFhNotFound.loop
	         $11b8 = StubInterruptHandler
	         $11b9 = SpriteSpecStruct_LPieceActive
	         $11c1 = SpriteSpecStruct_LPieceNext
	         $11c9 = SpriteSpecStruct_ATypeFlashing0
	         $11cf = FillScreen0FromHLdownWithEmptyTile
	         $11d2 = FillScreenFromHLdownWithEmptyTile
	         $11d5 = FillScreenFromHLdownWithEmptyTile.loop
	         $11de = CopyHLtoDE_BCbytes
	         $11de = CopyHLtoDE_BCbytes.loop
	         $11e7 = LoadAsciiAndMenuScreenGfx
	         $11fd = CopyAsciiTileData
	         $1206 = CopyAsciiTileData.loop
	         $1211 = CopyAsciiAndTitleScreenTileData
	         $121b = UnusedCopyHLtoVram1000hBytes
	         $121e = CopyHLtoVramBCbytes
	         $1224 = Stub_27ea
	         $1225 = CopyLayoutToScreen0
	         $1228 = CopyLayoutToHL
	         $122a = CopyLayoutBrowsToHL
	         $122a = CopyLayoutBrowsToHL.loopRow
	         $122d = CopyLayoutBrowsToHL.loopCol
	         $123e = CopyToGameScreenUntilByteReadEquFFhThenSetVramTransfer
	         $123e = CopyToGameScreenUntilByteReadEquFFhThenSetVramTransfer.nextRow
	         $1241 = CopyToGameScreenUntilByteReadEquFFhThenSetVramTransfer.loop
	         $1254 = CopyToGameScreenUntilByteReadEquFFhThenSetVramTransfer.done
	         $125a = TurnOffLCD
	         $1262 = TurnOffLCD.waitUntilInVBlank
	         $1273 = PollInput
	         $12b0 = GetScreen0AddressOfPieceSquare
	         $12c3 = GetScreen0AddressOfPieceSquare.loop
	         $12dd = UnusedMovePieceUpAndRight
	         $12e5 = UnusedMovePieceUpAndRight.deDiv16
	         $1303 = DisplayBCDNum6DigitsIfForced
	         $1307 = DisplayBCDNum6Digits
	         $1309 = DisplayBCDNum2CDigits
	         $130c = DisplayBCDNum2CDigits.nextByte
	         $131d = DisplayBCDNum2CDigits.displayTens
	         $1333 = DisplayBCDNum2CDigits.displayOnes
	         $133c = DisplayBCDNum2CDigits.tensNot0
	         $1344 = DisplayBCDNum2CDigits.onesNot0
	         $134c = OamDmaFunction
	         $1352 = OamDmaFunction.wait
	         $1356 = CopyToShadowOamBasedOnSpriteSpec
	         $1356 = CopyToShadowOamBasedOnSpriteSpec.nextStructInSpriteSpec
	         $1364 = CopyToShadowOamBasedOnSpriteSpec.checkIfMoreSpriteSpecs
	         $1376 = CopyToShadowOamBasedOnSpriteSpec.showNextSpritesCheckIfMoreSpriteSpecs
	         $137b = CopyToShadowOamBasedOnSpriteSpec.hideNextSpritesBeingProcessed
	         $137d = CopyToShadowOamBasedOnSpriteSpec.dontHideNextSpritesBeingProcessed
	         $1382 = CopyToShadowOamBasedOnSpriteSpec.copyLoop1
	         $13a5 = CopyToShadowOamBasedOnSpriteSpec.bigLoop
	         $13bd = CopyToShadowOamBasedOnSpriteSpec.dataByteEquFEh
	         $13c1 = CopyToShadowOamBasedOnSpriteSpec.dataByteNotFFhOrFDh
	         $13c5 = CopyToShadowOamBasedOnSpriteSpec.setTileIndex
	         $13d8 = CopyToShadowOamBasedOnSpriteSpec.spriteSpecYFlipped
	         $13e2 = CopyToShadowOamBasedOnSpriteSpec.setSpriteY
	         $13f7 = CopyToShadowOamBasedOnSpriteSpec.spriteSpecXFlipped
	         $1401 = CopyToShadowOamBasedOnSpriteSpec.setSpriteX
	         $1413 = CopyToShadowOamBasedOnSpriteSpec.dontHideSprite
	         $1415 = CopyToShadowOamBasedOnSpriteSpec.setSpriteVars
	         $1431 = SpriteData
	         $147d = SpriteSpec_LN
	         $1481 = SpriteSpec_LE
	         $1485 = SpriteSpec_LS
	         $1489 = SpriteSpec_LW
	         $148d = SpriteSpec_JN
	         $1491 = SpriteSpec_JE
	         $1495 = SpriteSpec_JS
	         $1499 = SpriteSpec_JW
	         $149d = SpriteSpec_IN
	         $14a1 = SpriteSpec_IE
	         $14a5 = SpriteSpec_IS
	         $14a9 = SpriteSpec_IW
	         $14ad = SpriteSpec_ON
	         $14b1 = SpriteSpec_OE
	         $14b5 = SpriteSpec_OS
	         $14b9 = SpriteSpec_OW
	         $14bd = SpriteSpec_ZN
	         $14c1 = SpriteSpec_ZE
	         $14c5 = SpriteSpec_ZS
	         $14c9 = SpriteSpec_ZW
	         $14cd = SpriteSpec_SN
	         $14d1 = SpriteSpec_SE
	         $14d5 = SpriteSpec_SS
	         $14d9 = SpriteSpec_SW
	         $14dd = SpriteSpec_TN
	         $14e1 = SpriteSpec_TE
	         $14e5 = SpriteSpec_TS
	         $14e9 = SpriteSpec_TW
	         $14ed = SpriteSpec_Nr0
	         $14f1 = SpriteSpec_Nr1
	         $14f5 = SpriteSpec_Nr2
	         $14f9 = SpriteSpec_Nr3
	         $14fd = SpriteSpec_Nr4
	         $1501 = SpriteSpec_Nr5
	         $1505 = SpriteSpec_Nr6
	         $1509 = SpriteSpec_Nr7
	         $150d = SpriteSpec_Nr8
	         $1511 = SpriteSpec_Nr9
	         $1515 = SpriteTiles_LN
	         $1525 = SpriteTiles_LE
	         $1537 = SpriteTiles_LS
	         $1546 = SpriteTiles_LW
	         $1557 = SpriteTiles_JN
	         $1569 = SpriteTiles_JE
	         $157a = SpriteTiles_JS
	         $1588 = SpriteTiles_JW
	         $1599 = SpriteTiles_IN
	         $15a8 = SpriteTiles_IE
	         $15b9 = SpriteTiles_IS
	         $15c8 = SpriteTiles_IW
	         $15d9 = SpriteTiles_ON
	         $15eb = SpriteTiles_OE
	         $15fd = SpriteTiles_OS
	         $160f = SpriteTiles_OW
	         $1621 = SpriteTiles_ZN
	         $1633 = SpriteTiles_ZE
	         $1643 = SpriteTiles_ZS
	         $1655 = SpriteTiles_ZW
	         $1665 = SpriteTiles_SN
	         $1676 = SpriteTiles_SE
	         $1687 = SpriteTiles_SS
	         $1698 = SpriteTiles_SW
	         $16a9 = SpriteTiles_TN
	         $16ba = SpriteTiles_TE
	         $16cb = SpriteTiles_TS
	         $16d9 = SpriteTiles_TW
	         $16ea = SpriteTiles_Nr0
	         $16ee = SpriteTiles_Nr1
	         $16f2 = SpriteTiles_Nr2
	         $16f6 = SpriteTiles_Nr3
	         $16fa = SpriteTiles_Nr4
	         $16fe = SpriteTiles_Nr5
	         $1702 = SpriteTiles_Nr6
	         $1706 = SpriteTiles_Nr7
	         $170a = SpriteTiles_Nr8
	         $170e = SpriteTiles_Nr9
	         $1712 = SpriteCoords_LN
	         $1712 = SpriteCoords_LE
	         $1712 = SpriteCoords_LS
	         $1712 = SpriteCoords_LW
	         $1712 = SpriteCoords_JN
	         $1712 = SpriteCoords_JE
	         $1712 = SpriteCoords_JS
	         $1712 = SpriteCoords_JW
	         $1712 = SpriteCoords_IN
	         $1712 = SpriteCoords_IE
	         $1712 = SpriteCoords_IS
	         $1712 = SpriteCoords_IW
	         $1712 = SpriteCoords_ON
	         $1712 = SpriteCoords_OE
	         $1712 = SpriteCoords_OS
	         $1712 = SpriteCoords_OW
	         $1712 = SpriteCoords_ZN
	         $1712 = SpriteCoords_ZE
	         $1712 = SpriteCoords_ZS
	         $1712 = SpriteCoords_ZW
	         $1712 = SpriteCoords_SN
	         $1712 = SpriteCoords_SE
	         $1712 = SpriteCoords_SS
	         $1712 = SpriteCoords_SW
	         $1712 = SpriteCoords_TN
	         $1712 = SpriteCoords_TE
	         $1712 = SpriteCoords_TS
	         $1712 = SpriteCoords_TW
	         $1732 = SpriteCoords_Nr0
	         $1732 = SpriteCoords_Nr1
	         $1732 = SpriteCoords_Nr2
	         $1732 = SpriteCoords_Nr3
	         $1732 = SpriteCoords_Nr4
	         $1732 = SpriteCoords_Nr5
	         $1732 = SpriteCoords_Nr6
	         $1732 = SpriteCoords_Nr7
	         $1732 = SpriteCoords_Nr8
	         $1732 = SpriteCoords_Nr9
	SECTION: $1742-$1ed6 ($0795 bytes) ["Sound Driver"]
	         $1742 = hUGE_init
	         $1753 = hUGE_init.copy_song_descriptor_loop
	         $175f = hUGE_init.fill_loop
	         $1772 = load_patterns
	         $178a = load_patterns.load_pattern
	         $1798 = hUGE_mute_channel
	         $179e = hUGE_mute_channel.enable_loop
	         $17a5 = hUGE_mute_channel.enable_cut
	         $17b2 = get_current_row
	         $17b5 = get_current_row.row_in_a
	         $17c1 = get_current_note
	         $17ce = get_note_period
	         $17db = get_note_poly
	         $17f1 = ptr_to_channel_member
	         $17fd = update_channel_freq
	         $17ff = update_channel_freq.nonzero_highmask
	         $180c = update_channel_freq.update_channel1
	         $181d = update_channel_freq.update_channel2
	         $182e = update_channel_freq.update_channel3
	         $183f = update_channel_freq.update_channel4
	         $1851 = play_note_routines
	         $1859 = play_ch1_note
	         $186c = play_ch2_note
	         $187f = play_ch3_note
	         $18a2 = play_ch4_note
	         $18b3 = do_table
	         $18c7 = do_table.no_steal
	         $18cd = do_table.no_jump
	         $18eb = do_table.is_ch4
	         $18f2 = do_table.no_note
	         $18f3 = do_table.no_note2
	         $18f8 = do_effect
	         $18fa = do_effect.no_set_offset
	         $1912 = do_effect.no_offset
	         $1918 = do_effect.jump
	         $1938 = fx_set_master_volume
	         $193d = fx_call_routine
	         $1957 = fx_set_pan
	         $195c = fx_set_duty
	         $1969 = fx_set_duty.chan1
	         $1970 = fx_set_duty.chan2
	         $1977 = fx_set_duty.chan4
	         $1982 = fx_set_duty.chan3
	         $1991 = update_ch3_waveform
	         $19e0 = fx_set_speed
	         $19e6 = fx_pos_jump
	         $19e6 = hUGE_set_position
	         $19ef = fx_pos_jump.already_broken
	         $19f2 = fx_pattern_break
	         $19f8 = fx_note_cut
	         $1a09 = note_cut
	         $1a1c = fx_set_volume
	         $1a2b = fx_set_volume.set_chn_1_vol
	         $1a38 = fx_set_volume.set_chn_2_vol
	         $1a45 = fx_set_volume.set_chn_3_vol
	         $1a54 = fx_set_volume.three
	         $1a58 = fx_set_volume.two
	         $1a5c = fx_set_volume.one
	         $1a5e = fx_set_volume.done
	         $1a61 = fx_set_volume.set_chn_4_vol
	         $1a6a = fx_vibrato
	         $1a7d = fx_vibrato.restore
	         $1a84 = fx_vibrato.go_up
	         $1a8f = fx_vibrato.finish_vibrato
	         $1a92 = fx_arpeggio
	         $1a9f = fx_arpeggio.greater_than_two
	         $1aa1 = fx_arpeggio.test_greater_than_two
	         $1aae = fx_arpeggio.arp_options
	         $1ab2 = fx_arpeggio.reset_arp
	         $1ab5 = fx_arpeggio.set_arp2
	         $1ab9 = fx_arpeggio.set_arp1
	         $1aba = fx_arpeggio.finish_arp
	         $1abd = fx_arpeggio.finish_skip_add
	         $1ac5 = fx_porta_up
	         $1ad4 = fx_porta_down
	         $1ae3 = fx_toneporta
	         $1af8 = fx_toneporta.high_byte_same
	         $1afe = fx_toneporta.add
	         $1b10 = fx_toneporta.subtract
	         $1b26 = fx_toneporta.set_exact
	         $1b28 = fx_toneporta.done
	         $1b3a = fx_toneporta.setup
	         $1b4a = ret_dont_play_note
	         $1b4f = fx_vol_slide
	         $1b79 = fx_vol_slide.cont1
	         $1b80 = fx_vol_slide.cont2
	         $1b8b = fx_note_delay
	         $1b8f = play_note
	         $1b99 = setup_instrument_pointer
	         $1ba0 = setup_instrument_pointer.finish
	         $1bab = hUGE_dosound
	         $1bab = _hUGE_dosound
	         $1bcd = hUGE_dosound.toneporta
	         $1bfa = hUGE_dosound.write_mask1
	         $1bfd = hUGE_dosound.do_setvol1
	         $1c17 = process_ch2
	         $1c32 = process_ch2.toneporta
	         $1c5d = process_ch2.write_mask2
	         $1c60 = process_ch2.do_setvol2
	         $1c7a = process_ch3
	         $1c96 = process_ch3.toneporta
	         $1cbe = process_ch3.no_wave_copy
	         $1ccc = process_ch3.write_mask3
	         $1ccf = process_ch3.do_setvol3
	         $1ce9 = process_ch4
	         $1d40 = process_ch4.write_mask4
	         $1d43 = process_ch4.do_setvol4
	         $1d60 = process_effects
	         $1d79 = process_effects.after_effect1
	         $1d8a = process_effects.process_ch2
	         $1da3 = process_effects.after_effect2
	         $1db4 = process_effects.process_ch3
	         $1dcd = process_effects.after_effect3
	         $1dde = process_effects.process_ch4
	         $1df7 = process_effects.after_effect4
	         $1e08 = tick_time
	         $1e24 = tick_time.no_break
	         $1e2e = tick_time.neworder
	         $1e3b = tick_time.update_current_order
	         $1e43 = tick_time.noreset
	         $1e47 = note_table
	EMPTY: $1ed7-$323e ($1368 bytes)
	SECTION: $323f-$3ff6 ($0db8 bytes) ["Graphics and Layouts"]
	         $323f = Gfx_MenuScreens
	         $3e8f = Layout_ATypeInGame
	         $3e8f = Gfx_MenuScreens.end
	EMPTY: $3ff7-$3fff ($0009 bytes)
	TOTAL EMPTY: $13a5 bytes

ROMX bank #1:
	SECTION: $4000 (0 bytes) ["Sound Engine"]
	SECTION: $4000-$4ce1 ($0ce2 bytes) ["ROM Bank $001"]
	         $4000 = Gfx_Ascii
	         $4138 = Gfx_Ascii.end
	         $4138 = Gfx_TitleScreen
	         $48a8 = Layout_TitleScreen
	         $48a8 = Gfx_TitleScreen.end
	         $4a10 = Layout_ATypeSelectionScreen
	         $4b78 = GameScreenLayout_Success
	         $4c2d = GameScreenLayout_GG
	         $4ce2 = GameScreenLayout_GG.end
	SECTION: $4ce2-$5bec ($0f0b bytes) ["danish_anthem Song Data"]
	         $4ce2 = danish_anthem
	         $4cf7 = d_order_cnt
	         $4cf8 = d_order1
	         $4cfc = d_order2
	         $4d00 = d_order3
	         $4d04 = d_order4
	         $4d08 = P0
	         $4dc8 = P1
	         $4e88 = P2
	         $4f48 = P3
	         $5008 = P4
	         $50c8 = P5
	         $5188 = P6
	         $5248 = P7
	         $5308 = itSquareSP10
	         $5368 = itNoiseSP1
	         $53c8 = itNoiseSP2
	         $5428 = itNoiseSP3
	         $5488 = itNoiseSP4
	         $54e8 = itNoiseSP5
	         $5548 = itNoiseSP6
	         $55a8 = itNoiseSP7
	         $5608 = itNoiseSP8
	         $5668 = d_duty_instruments
	         $5668 = itSquareinst1
	         $566e = itSquareinst2
	         $5674 = itSquareinst3
	         $567a = itSquareinst4
	         $5680 = itSquareinst5
	         $5686 = itSquareinst6
	         $568c = itSquareinst7
	         $5692 = itSquareinst8
	         $5698 = itSquareinst9
	         $569e = itSquareinst10
	         $56a4 = itSquareinst11
	         $56aa = itSquareinst12
	         $56b0 = d_wave_instruments
	         $56b0 = itWaveinst1
	         $56b6 = itWaveinst2
	         $56bc = itWaveinst3
	         $56c2 = itWaveinst4
	         $56c8 = itWaveinst5
	         $56ce = d_noise_instruments
	         $56ce = itNoiseinst1
	         $56d4 = itNoiseinst2
	         $56da = itNoiseinst3
	         $56e0 = itNoiseinst4
	         $56e6 = itNoiseinst5
	         $56ec = itNoiseinst6
	         $56f2 = itNoiseinst7
	         $56f8 = itNoiseinst8
	         $56fe = d_routines
	         $56fe = __end_hUGE_Routine_0
	         $56fe = __hUGE_Routine_0
	         $56ff = __end_hUGE_Routine_1
	         $56ff = __hUGE_Routine_1
	         $5700 = __end_hUGE_Routine_2
	         $5700 = __hUGE_Routine_2
	         $5701 = __end_hUGE_Routine_3
	         $5701 = __hUGE_Routine_3
	         $5702 = __end_hUGE_Routine_4
	         $5702 = __hUGE_Routine_4
	         $5703 = __end_hUGE_Routine_5
	         $5703 = __hUGE_Routine_5
	         $5704 = __end_hUGE_Routine_6
	         $5704 = __hUGE_Routine_6
	         $5705 = __end_hUGE_Routine_7
	         $5705 = __hUGE_Routine_7
	         $5706 = __hUGE_Routine_8
	         $5706 = __end_hUGE_Routine_8
	         $5707 = __hUGE_Routine_9
	         $5707 = __end_hUGE_Routine_9
	         $5708 = __hUGE_Routine_10
	         $5708 = __end_hUGE_Routine_10
	         $5709 = __hUGE_Routine_11
	         $5709 = __end_hUGE_Routine_11
	         $570a = __hUGE_Routine_12
	         $570a = __end_hUGE_Routine_12
	         $570b = __hUGE_Routine_13
	         $570b = __end_hUGE_Routine_13
	         $570c = __end_hUGE_Routine_14
	         $570c = __hUGE_Routine_14
	         $570d = __end_hUGE_Routine_15
	         $570d = __hUGE_Routine_15
	         $570e = d_waves
	         $570e = wave0
	         $571e = wave1
	         $572e = wave2
	         $573e = wave3
	         $574e = wave4
	         $575e = wave5
	         $576e = SquareSoundEffectTable_Init
	         $577e = SquareSoundEffectTable_Update
	         $578e = NoiseSoundEffect_Init
	         $5792 = NoiseSoundEffect_Update
	         $5798 = Stub
	         $5799 = UpdateSound
	         $579d = UpdateSound.endPath
	         $57a6 = UpdateSound.done
	         $57b5 = IsSoundEffect_MovingSelection
	         $57bb = IsSoundEffect_TetrisRowsFell
	         $57c1 = IsSoundEffect_4LinesCleared
	         $57c7 = IsSoundEffect_ReachedNextLevel
	         $57cd = Aud1RegValsInit_MovingSelection
	         $57d2 = Aud1RegValsUpdate_MovingSelection
	         $57d7 = Aud1RegValsInit_ConfirmOrLetterTyped
	         $57dc = SquareEffectInit_MovingSelection
	         $57e4 = SquareEffectUpdate_MovingSelection
	         $57f8 = SquareEffectInit_ConfirmOrLetterTyped
	         $5800 = SquareEffectUpdate_Common
	         $5805 = ClearAud1RegsAndVars
	         $5819 = Aud1RegVals_4LinesCleared_1
	         $581e = Aud1RegVals_4LinesCleared_2
	         $5823 = SquareEffectInit_4LinesCleared
	         $5829 = SquareEffectUpdate_4LinesCleared
	         $5840 = SquareEffectUpdate_4LinesCleared.finalWav
	         $5849 = SquareEffectUpdate_4LinesCleared.sound2
	         $584f = SquareEffectUpdate_4LinesCleared.sound1
	         $5855 = Aud1RegValsInit_PieceMovedHoriz
	         $585a = SquareEffectInit_PieceMovedHoriz
	         $5872 = Aud1RegVals_ReachedNextLevel_0and4
	         $5877 = Aud1RegVals_ReachedNextLevel_1
	         $587c = Aud1RegVals_ReachedNextLevel_2
	         $5881 = Aud1RegVals_ReachedNextLevel_3
	         $5886 = SquareEffectInit_ReachedNextLevel
	         $5892 = SquareEffectUpdate_ReachedNextLevel
	         $58b2 = SquareEffectUpdate_ReachedNextLevel.sound1
	         $58b7 = SquareEffectUpdate_ReachedNextLevel.sound2
	         $58bc = SquareEffectUpdate_ReachedNextLevel.sound3
	         $58c1 = SquareEffectUpdate_ReachedNextLevel.sound4
	         $58c4 = SquareEffectUpdate_ReachedNextLevel.copyIntoAud1Regs
	         $58c7 = Aud1RegValsInit_Non4LinesCleared
	         $58cc = Aud1EnvData_Non4LinesCleared
	         $58d7 = Aud1FreqLoData_Non4LinesCleared
	         $58e1 = SquareEffectInit_Non4LinesCleared
	         $58f5 = SquareEffectUpdate_Non4LinesCleared
	         $5913 = SetAud1EnvLowHighToEDB
	         $591e = Aud1RegValsInit_PieceRotated
	         $5923 = Aud1EnvData_PieceRotated
	         $5929 = Aud1FreqLoData_PieceRotated
	         $592e = SquareEffectInit_PieceRotated
	         $5946 = SquareEffectUpdate_PieceRotated
	         $5966 = SquareEffectInit_TetrisRowsFell
	         $5972 = Aud1RegValsInit_TetrisRowsFell
	         $5977 = Aud4RegValsInit_PieceHitFloor
	         $597b = Aud4RegValsInit_TetrisRowsFell
	         $597f = NoiseEffectInit_TetrisRowsFell
	         $5987 = NoiseEffectInit_PieceHitFloor
	         $598f = NoiseEffectUpdate_Common
	         $5994 = NoiseEffectUpdate_ClearNoise
	         $59a6 = Aud3RegValsInit_GameOver
	         $59ab = WavEffectInit_GameOver
	         $59c2 = WavEffectUpdate_GameOver
	         $59d5 = WavEffectUpdate_GameOver.setAud3Low
	         $59dd = WavEffectUpdate_GameOver.miscCounterGTE0eh
	         $59e7 = UpdateWavEffects
	         $5a02 = Aud3RegValsInit_After4LinesCleared
	         $5a07 = Aud3RegValsUpdate_After4LinesCleared_1
	         $5a0c = Aud3RegValsUpdate_After4LinesCleared_2
	         $5a11 = Aud3RegValsUpdate_After4LinesCleared_3
	         $5a16 = WavEffectInit_After4LinesCleared
	         $5a2b = WavEffectInit_After4LinesCleared.copyIntoAud3Regs
	         $5a2e = WavEffectUpdate_sound1
	         $5a3f = WavEffectUpdate_sound2
	         $5a50 = WavEffectUpdate_sound3
	         $5a61 = WavEffectUpdate_After4LinesCleared
	         $5a83 = WavEffectUpdate_After4LinesCleared.incLowVal
	         $5a87 = WavEffectUpdate_After4LinesCleared.decLowVal
	         $5a89 = WavEffectUpdate_After4LinesCleared.setLowVal
	         $5a8d = ClearWavVarsAndRegs_ResumeMusic
	         $5aac = InitWavEffect_pauseOtherChannels
	         $5ad1 = InitWavEffect_pauseOtherChannels.copyToWavRam
	         $5ad5 = SetInitialRegValuesHLForSoundEffect_UpdateDelayA
	         $5af5 = CopyDefaultValsInHLIntoAud1Regs
	         $5afc = CopyDefaultValsInHLIntoAud2Regs
	         $5b03 = CopyDefaultValsInHLIntoAud3Regs
	         $5b0a = CopyDefaultValsInHLIntoAud4Regs
	         $5b0f = CopyDefaultValsInHLIntoAudCRegs
	         $5b0f = CopyDefaultValsInHLIntoAudCRegs.loop
	         $5b17 = StoreOrigSoundEffectIdx_HLequAddressForSongData_tableHL_incEtwice
	         $5b1b = HLequAddressForSongData_tableHL_incE
	         $5b2a = IncCounterInDE_retZifHitsThreshold
	         $5b35 = IncCounterInDE_retZifHitsThreshold.done
	         $5b37 = CopyFromHLintoWav3Ram
	         $5b3a = CopyFromHLintoWav3Ram.loop
	         $5b44 = InitSound
	         $5b63 = ResetSoundHwRegs
	         $5b79 = UpdateSquareEffects
	         $5b8c = UpdateSquareEffects.noSquareEffectToPlay
	         $5b98 = UpdateSquareEffects.done
	         $5b99 = UpdateNoiseEffects
	         $5bac = UpdateNoiseEffects.noNoiseEffectToPlay
	         $5bb8 = UpdateNoiseEffects.done
	         $5bb9 = MuteSound
	         $5bbd = WavRam_Init_After4LinesCleared
	         $5bcd = WavRam_Init_GameOver
	         $5bdd = DefaultWavRam
	EMPTY: $5bed-$7fef ($2403 bytes)
	SECTION: $7ff0-$7ff5 ($0006 bytes) ["Sound Thunk Funcs"]
	         $7ff0 = ThunkUpdateSound
	         $7ff3 = ThunkInitSound
	EMPTY: $7ff6-$7fff ($000a bytes)
	TOTAL EMPTY: $240d bytes

WRAM0 bank #0:
	SECTION: $c000-$d6f5 ($16f6 bytes) ["WRAM"]
	         $c000 = wOam
	         $c0a0 = wOam.end
	         $c0a0 = wScoreBCD
	         $c0a3 = wRamBufferAddressesForCompletedRows
	         $c0ac = wLinesClearedStructs
	         $c0ac = wRamBufferAddressesForCompletedRows.end
	         $c0c0 = wNumDrops
	         $c0c2 = wDropsTotalRollingUp
	         $c0c5 = wNumScoreCategoriesProcessed
	         $c0c6 = wCurrScoreCategIsProcessingOrUpdating
	         $c0c7 = wScoreCategoryVarsEnd
	         $c0c7 = wCanPressDownToMakePieceFall
	         $c0c8 = wc0c8
	         $c0ce = wATypeJustAddedDropsToScore
	         $c0cf = wc0cf
	         $c0de = wNextPieceHidden
	         $c0df = wc0df
	         $c200 = wSpriteSpecs
	         $c300 = wDemoOrMultiplayerPieces
	         $c400 = wDarkSolidBlocksUnderRandomBlocks
	         $c400 = wDemoOrMultiplayerPieces.end
	         $c800 = wGameScreenBuffer
	         $cc00 = wcc00
	         $cc00 = wGameScreenBuffer.end
	         $cfff = wStackTop
	         $d000 = wBTypeHighScores
	         $d654 = wATypeHighScores
	         $d66f = wCurrSoundChannelBeingProcessed
	         $d670 = wOrigSoundEffectIdx
	         $d670 = wUnusedShadowAudLen
	         $d671 = wdf72
	         $d674 = wAudTermCounterUntilChangingOutput
	         $d675 = wAudTermCounterValueToHitToChangeOutput
	         $d676 = wAudTermSelectedOutputVal
	         $d677 = wAudTermSongsSpec
	         $d678 = wAudTermOutputValue1
	         $d679 = wAudTermOutputValue2
	         $d67a = wdf7b
	         $d67d = wUnused_df80
	         $d67e = wdf83
	         $d68b = wAudStructs
	         $d68b = wAud1Struct
	         $d69b = wAud2Struct
	         $d6ab = wAud3Struct
	         $d6bb = wAud4Struct
	         $d6cb = wdfd0
	         $d6db = wSquareSoundToPlay
	         $d6dc = wSquareEffectBeingPlayed
	         $d6dd = wSquareEffectFrameCounter
	         $d6de = wSquareEffectFrameCounterThreshold
	         $d6df = wSquareEffectMiscCounter
	         $d6e0 = wdfe5
	         $d6e3 = wdfea
	         $d6e9 = wWavSoundToPlay
	         $d6ea = wWavEffectBeingPlayed
	         $d6eb = wWavEffectFrameCounter
	         $d6ec = wWavEffectFrameCounterThreshold
	         $d6ed = wWavEffectMiscCounter
	         $d6ee = wWavEffectRandomVal
	         $d6ee = wWavEffectShouldIncOrDec
	         $d6ef = wWavEffectCurrLoVal
	         $d6f0 = wdff7
	         $d6f1 = wNoiseSoundToPlay
	         $d6f2 = wNoiseEffectBeingPlayed
	         $d6f3 = wNoiseEffectFrameCounter
	         $d6f4 = wNoiseEffectFrameCounterThreshold
	         $d6f5 = wNoiseEffectMiscCounter
	SECTION: $d6f6-$d759 ($0064 bytes) ["Playback variables"]
	         $d6f6 = order_cnt
	         $d6f7 = order1
	         $d6f7 = _start_song_descriptor_pointers
	         $d6f9 = order2
	         $d6fb = order3
	         $d6fd = order4
	         $d6ff = duty_instruments
	         $d701 = wave_instruments
	         $d703 = noise_instruments
	         $d705 = routines
	         $d707 = waves
	         $d709 = pattern1
	         $d709 = _end_song_descriptor_pointers
	         $d70b = pattern2
	         $d70d = pattern3
	         $d70f = pattern4
	         $d711 = ticks_per_row
	         $d712 = current_wave
	         $d712 = _hUGE_current_wave
	         $d712 = hUGE_current_wave
	         $d713 = start_zero
	         $d713 = mute_channels
	         $d713 = _hUGE_mute_mask
	         $d714 = counter
	         $d715 = tick
	         $d716 = row_break
	         $d717 = next_order
	         $d718 = row
	         $d719 = current_order
	         $d71a = channels
	         $d71a = channel_period1
	         $d71a = channel1
	         $d71c = toneporta_target1
	         $d71e = channel_note1
	         $d71f = highmask1
	         $d720 = vibrato_tremolo_phase1
	         $d721 = envelope1
	         $d722 = table1
	         $d724 = table_row1
	         $d72a = channel_period2
	         $d72a = channel2
	         $d72c = toneporta_target2
	         $d72e = channel_note2
	         $d72f = highmask2
	         $d730 = vibrato_tremolo_phase2
	         $d731 = envelope2
	         $d732 = table2
	         $d734 = table_row2
	         $d73a = channel_period3
	         $d73a = channel3
	         $d73c = toneporta_target3
	         $d73e = channel_note3
	         $d73f = highmask3
	         $d740 = vibrato_tremolo_phase3
	         $d741 = envelope3
	         $d742 = table3
	         $d744 = table_row3
	         $d74a = channel_period4
	         $d74a = channel4
	         $d74c = toneporta_target4
	         $d74e = channel_note4
	         $d74f = highmask4
	         $d750 = step_width4
	         $d751 = vibrato_tremolo_phase4
	         $d752 = envelope4
	         $d753 = table4
	         $d755 = table_row4
	         $d75a = end_zero
	EMPTY: $d75a-$dfff ($08a6 bytes)
	TOTAL EMPTY: $08a6 bytes

HRAM bank #0:
	SECTION: $ff80-$ffe1 ($0062 bytes) ["HRAM"]
	         $ff80 = hButtonsHeld
	         $ff81 = hButtonsPressed
	         $ff82 = hff82
	         $ff85 = hVBlankInterruptFinished
	         $ff86 = hCurrSpriteSpecStruct
	         $ff87 = hCurrSpriteSpecBaseY
	         $ff88 = hCurrSpriteSpecBaseX
	         $ff89 = hCurrSpriteSpecIdx
	         $ff89 = hCurrSpriteTileIndex
	         $ff8a = hUnusedFF8A
	         $ff8b = hCurrSpecEntireSpecYXFlipped
	         $ff8c = hCurrSpecBaseXFlip
	         $ff8d = hCurr_wOam_SpriteAddr
	         $ff8f = hNumSpriteSpecs
	         $ff90 = hCurrSpriteSpecBaseYOffset
	         $ff91 = hCurrSpriteSpecBaseXOffset
	         $ff92 = hCurrSpriteX
	         $ff93 = hCurrSpriteY
	         $ff94 = hCurrSpriteXFlipWithinCurrSpec
	         $ff95 = hShouldHideCurrSprite
	         $ff96 = hSpriteSpecSrcAddr
	         $ff98 = hPieceFallingState
	         $ff99 = hNumFramesUntilCurrPieceMovesDown
	         $ff9a = hNumFramesUntilPiecesMoveDown
	         $ff9b = hPieceCollisionDetected
	         $ff9c = hTetrisFlashCount
	         $ff9d = hff9d
	         $ff9e = hNumLinesCompletedBCD
	         $ffa0 = hRandomSquareObstacleTileChosen
	         $ffa0 = hMarioLuigiFaceTopLeftTileIdx
	         $ffa0 = hPreHorizMovementSpecIdx
	         $ffa0 = hNumCompletedTetrisRows
	         $ffa0 = hPreRotationSpecIdx
	         $ffa1 = hTempIE
	         $ffa2 = hffa2
	         $ffa4 = hUnusedFFA4
	         $ffa5 = hffa5
	         $ffa6 = hTimers
	         $ffa6 = hTimer1
	         $ffa7 = hTimer2
	         $ffa8 = hffa8
	         $ffa8 = hTimerEnd
	         $ffa9 = hATypeLinesThresholdToPassForNextLevel
	         $ffaa = hStickyButtonCounter
	         $ffab = hHiddenLoadedPiece
	         $ffac = hNumRowsUpOurTetrisPiecesAre
	         $ffad = hCurrPieceSquarePixelY
	         $ffae = hCurrPieceSquarePixelX
	         $ffaf = hCurrPieceSquareScreen0Addr
	         $ffb1 = hOamDmaFunction
	         $ffbb = hTimerOn
	         $ffbb = hOamDmaFunction.end
	         $ffbc = hLineClearFrame
	         $ffbd = hGamOverTrigger
	         $ffbe = hInLastFiveSeconds
	         $ffbf = hFlagState
	         $ffc0 = hResetToMinutes
	         $ffc1 = hMinutes
	         $ffc2 = hSeconds
	         $ffc3 = hFrames
	         $ffc4 = hFlagTimer
	         $ffc5 = hWavingWomanTimer
	         $ffc6 = hViolinistTimer
	         $ffc7 = hDrummerTimer
	         $ffc8 = hFlutePlayerTimer
	         $ffc9 = hMusicType
	         $ffca = hATypeLevel
	         $ffcb = hIs2Player
	         $ffcc = h5GamesFinishedTimer
	         $ffcc = hTimerMultiplier
	         $ffcc = hTypedLetterCounter
	         $ffcd = hMustEnterHighScore
	         $ffce = hReversedHighScoreRanking
	         $ffcf = hTypedTextCharLoc
	         $ffd1 = hFoundDisplayableScoreDigit
	         $ffd2 = hGameState
	         $ffd3 = hVBlankInterruptCounter
	         $ffd4 = hRowsShiftingDownState
	         $ffd5 = hNumTimesHoldingDownEvery3Frames
	         $ffd6 = hLowByteOfVramDestForLevelNum
	         $ffd7 = hffe7
	         $ffd8 = hJustSetHighScoreAndCopiedToRamBuffer
	         $ffd9 = hIsHeartMode
	         $ffda = hfff5
	         $ffe0 = h1stHighScoreHighestByteForLevel
	         $ffe0 = hIsPieceStuckOnTopRow
	         $ffe0 = hfffb
	         $ffe1 = hPrevHiddenPiece
	EMPTY: $ffe2-$fffe ($001d bytes)
	TOTAL EMPTY: $001d bytes

SUMMARY:
	ROM0: 11355 bytes used / 5029 free
	ROMX: 7155 bytes used / 9229 free in 1 bank
	WRAM0: 5978 bytes used / 2214 free
	HRAM: 98 bytes used / 29 free
